➜  ~ jmap -histo 74592

 num     #instances         #bytes  class name
----------------------------------------------
   1:         34100       18655352  [I
   2:         61120        2957992  [B
   3:         31171        2866208  [C
   4:         57472        1839104  java.awt.Color
   5:         29417        1176680  java.security.AccessControlContext
   6:         11212         560504  [D
   7:          2566         554256  sun.java2d.SunGraphics2D
   8:         16483         527456  java.util.concurrent.locks.AbstractQueuedSynchronizer$Node
   9:         20962         503088  java.awt.Point
  10:          6848         493056  java.awt.geom.AffineTransform
  11:         20030         480720  java.lang.String
  12:         13899         444768  java.lang.ref.WeakReference
  13:          5574         356736  java.awt.event.InvocationEvent
  14:          2546         291584  java.lang.Class
  15:          4778         267568  jdk.internal.org.objectweb.asm.Item
  16:          5471         262608  java.awt.event.ActionEvent
  17:          7195         230240  java.util.HashMap$Node
  18:          4551         226456  [Ljava.lang.Object;
  19:          6908         221056  java.awt.Rectangle
  20:           255         159600  [Ljdk.internal.org.objectweb.asm.Item;
  21:          5668         136032  sun.awt.EventQueueItem
  22:          5632         135168  java.awt.EventQueue$3
  23:          3306         132240  sun.java2d.pipe.Region
  24:          5489         131736  java.util.concurrent.locks.AbstractQueuedSynchronizer$ConditionObject
  25:          2313         111024  java.awt.geom.Rectangle2D$Double
  26:          1409         110832  [F
  27:          3440         110080  java.util.Hashtable$Entry
  28:          5471          87536  javax.swing.Timer$1
  29:          2486          79552  javax.swing.text.html.parser.ContentModel
  30:          2740          77768  [Ljava.lang.Class;
  31:           884          70720  sun.font.CFont
  32:          2609          62616  java.lang.StringBuilder
  33:          1487          59480  java.lang.ref.SoftReference
  34:           928          59392  java.util.concurrent.ConcurrentHashMap
  35:          1820          58240  java.util.concurrent.ConcurrentHashMap$Node
  36:            76          58168  [Lsun.java2d.loops.GraphicsPrimitive;
  37:          1347          53880  java.lang.invoke.MethodType
  38:           232          51968  jdk.internal.org.objectweb.asm.MethodWriter
  39:           131          45600  [Ljava.util.Hashtable$Entry;
  40:          1137          45480  java.util.LinkedHashMap$Entry
  41:           772          43232  java.awt.geom.RectIterator
  42:          1347          43104  java.lang.invoke.MethodType$ConcurrentWeakInternSet$WeakEntry
  43:           767          42952  java.lang.invoke.MemberName
  44:           569          40968  java.lang.reflect.Field
  45:          1011          40440  java.lang.ref.Finalizer
  46:           457          40216  java.lang.reflect.Method
  47:           369          32896  [Ljava.util.HashMap$Node;
  48:           789          29256  [Ljava.lang.String;
  49:          1777          28432  sun.font.Font2DHandle
  50:           784          25088  java.util.LinkedHashMap$LinkedKeyIterator
  51:           145          24360  jdk.internal.org.objectweb.asm.ClassWriter
  52:           369          23616  jdk.internal.org.objectweb.asm.Label
  53:            58          22800  [Ljava.util.concurrent.ConcurrentHashMap$Node;
  54:           687          21984  java.awt.Insets
  55:           881          21144  jdk.internal.org.objectweb.asm.ByteVector
  56:           213          20448  javax.swing.text.html.InlineView
  57:           316          20224  java.net.URL
  58:           359          20104  jdk.internal.org.objectweb.asm.AnnotationWriter
  59:           397          19056  java.util.HashMap
  60:           783          18792  java.util.Collections$3
  61:           775          18600  java.util.ArrayList
  62:           237          17760  [S
  63:           696          16704  java.awt.Dimension
  64:           294          16464  sun.java2d.loops.FontInfo
  65:           484          15488  jdk.internal.org.objectweb.asm.Type
  66:           385          15400  javax.swing.RepaintManager$4
  67:           632          15168  java.lang.StringBuffer
  68:            51          14968  [J
  69:           373          14920  sun.font.FontStrikeDesc
  70:           448          14336  java.io.File
  71:           237          14192  [Ljava.lang.ref.SoftReference;
  72:           437          13984  java.util.LinkedList
  73:           424          13568  java.util.LinkedList$ListItr
  74:           274          13152  jdk.internal.org.objectweb.asm.Frame
  75:           209          11704  java.util.LinkedHashMap
  76:           259          11416  [Ljava.lang.invoke.LambdaForm$Name;
  77:           700          11200  java.lang.Integer
  78:           341          10912  sun.misc.FDBigInteger
  79:           645          10320  java.lang.Object
  80:           126          10080  java.lang.reflect.Constructor
  81:           199           9552  sun.java2d.loops.Blit
  82:           298           9536  java.lang.invoke.LambdaForm$Name
  83:           198           9504  sun.font.FontFamily
  84:            90           9360  sun.net.www.protocol.file.FileURLConnection
  85:           204           8160  java.util.WeakHashMap$Entry
  86:            21           7896  java.lang.Thread
  87:           245           7840  java.util.AbstractList$Itr
  88:           163           7824  sun.java2d.loops.ScaledBlit
  89:           244           7808  javax.swing.text.html.StyleSheet$SmallConversionSet
  90:           130           7280  java.lang.invoke.MethodTypeForm
  91:           107           6848  java.lang.invoke.InvokerBytecodeGenerator
  92:           277           6648  java.util.Collections$UnmodifiableRandomAccessList
  93:           166           6640  javax.swing.text.html.parser.AttributeList
  94:           132           6336  java.nio.HeapByteBuffer
  95:           260           6240  javax.swing.text.StyleContext$KeyEnumeration
  96:           111           6216  java.lang.Class$ReflectionData
  97:           194           6208  java.awt.geom.Path2D$Float
  98:           257           6168  java.lang.Long
  99:           192           6144  java.awt.geom.GeneralPath
 100:           192           6144  java.awt.geom.Path2D$Double
 101:           192           6144  java.awt.geom.Path2D$Float$CopyIterator
 102:           255           6120  javax.swing.text.html.parser.Entity
 103:           254           6096  java.util.Arrays$ArrayList
 104:           246           5904  java.util.Collections$UnmodifiableCollection$1
 105:           120           5488  [Ljava.lang.invoke.LambdaForm$BasicType;
 106:            57           5472  java.util.jar.JarFile$JarFileEntry
 107:           110           5280  java.lang.invoke.LambdaForm
 108:           138           4760  [Ljdk.internal.org.objectweb.asm.Type;
 109:           147           4704  java.util.Vector
 110:           194           4656  sun.java2d.pipe.ShapeSpanIterator
 111:           116           4640  java.util.HashMap$ValueIterator
 112:             4           4608  [Lsun.font.Font2D;
 113:            96           4608  java.nio.HeapCharBuffer
 114:            57           4560  java.util.zip.ZipEntry
 115:           136           4352  java.lang.invoke.DirectMethodHandle
 116:            88           4224  javax.swing.text.html.parser.Element
 117:            88           4224  sun.java2d.loops.MaskBlit
 118:           131           4192  java.util.ArrayList$Itr
 119:           172           4128  [Ljava.security.ProtectionDomain;
 120:             1           4112  [Ljava.nio.ByteBuffer;
 121:           256           4096  java.lang.Byte
 122:           256           4096  java.lang.Short
 123:           102           4080  java.util.IdentityHashMap$KeyIterator
 124:           126           4032  javax.swing.text.html.CSS$LengthValue
 125:           116           3712  javax.swing.text.StyleContext$NamedStyle
 126:            27           3696  [Ljava.util.WeakHashMap$Entry;
 127:            57           3648  jdk.internal.org.objectweb.asm.FieldWriter
 128:            35           3640  java.lang.invoke.InnerClassLambdaMetafactory
 129:           106           3392  java.awt.font.FontRenderContext
 130:           137           3288  java.security.Provider$ServiceKey
 131:           135           3240  java.lang.invoke.LambdaForm$NamedFunction
 132:           134           3216  sun.font.TrueTypeFont$DirectoryEntry
 133:           100           3200  javax.swing.SizeRequirements
 134:            99           3168  javax.swing.text.html.parser.ContentModelState
 135:            36           3152  [Ljava.lang.invoke.MethodHandle;
 136:           109           3120  [Ljavax.swing.text.View;
 137:            20           2880  java.awt.image.DirectColorModel
 138:            88           2816  java.util.LinkedHashMap$LinkedEntryIterator
 139:            51           2720  [Ljava.lang.reflect.Method;
 140:            28           2688  sun.net.www.protocol.jar.URLJarFile$URLJarFileEntry
 141:            67           2680  sun.misc.URLClassPath$1
 142:           159           2544  java.lang.Float
 143:           157           2512  java.util.LinkedHashMap$LinkedKeySet
 144:           103           2472  com.salvadorjacobi.tetris.Tetrimino
 145:            28           2464  sun.net.www.protocol.jar.JarURLConnection
 146:            24           2432  [Ljava.lang.reflect.Field;
 147:            23           2392  javax.swing.text.ParagraphView$Row
 148:            49           2352  java.util.Hashtable
 149:           146           2336  java.util.HashSet
 150:            71           2272  apple.laf.JRSUIConstants$Widget
 151:           142           2272  javax.swing.event.EventListenerList
 152:            47           2256  sun.java2d.loops.MaskFill
 153:            23           2208  javax.swing.text.html.BRView
 154:            90           2160  sun.net.www.MessageHeader
 155:            89           2136  java.util.LinkedList$Node
 156:            88           2112  java.lang.invoke.MethodHandles$Lookup
 157:           129           2064  java.lang.Character
 158:            63           2056  [[I
 159:            51           2040  java.util.HashMap$KeyIterator
 160:            42           2016  sun.util.locale.LocaleObjectCache$CacheEntry
 161:            62           1984  java.io.FileDescriptor
 162:            81           1944  sun.swing.SwingLazyValue
 163:           119           1904  javax.swing.ArrayTable
 164:            77           1848  javax.swing.text.html.HTML$Tag
 165:             4           1800  [[Ljava.lang.Object;
 166:           112           1792  java.util.HashMap$Values
 167:           112           1792  java.util.concurrent.atomic.AtomicInteger
 168:            55           1760  javax.swing.plaf.ColorUIResource
 169:            44           1760  javax.swing.text.html.HTMLDocument$RunElement
 170:            55           1760  sun.misc.FloatingDecimal$ASCIIToBinaryBuffer
 171:            73           1752  javax.swing.text.html.StyleSheet$SelectorMapping
 172:            43           1720  javax.swing.text.GapContent$MarkData
 173:            42           1680  java.lang.ClassNotFoundException
 174:            30           1680  java.security.Provider$Service
 175:            34           1632  javax.sound.sampled.AudioFormat
 176:            29           1624  java.util.zip.ZipFile$ZipFileInputStream
 177:            67           1608  [Ljava.util.Enumeration;
 178:            43           1608  [Ljavax.sound.sampled.AudioFormat;
 179:            67           1608  java.net.URLClassLoader$3
 180:            67           1608  javax.swing.text.html.CSS$Attribute
 181:            67           1608  sun.misc.CompoundEnumeration
 182:            40           1600  java.io.ObjectStreamField
 183:            50           1600  javax.swing.text.DefaultStyledDocument$ElementSpec
 184:            65           1560  sun.security.action.GetPropertyAction
 185:            64           1536  [Ljava.lang.reflect.Constructor;
 186:            48           1536  sun.java2d.loops.SurfaceType
 187:            37           1480  java.util.ServiceLoader$LazyIterator
 188:            37           1480  sun.misc.URLClassPath$2
 189:            37           1480  sun.nio.cs.UTF_8$Decoder
 190:            46           1472  java.io.FileInputStream
 191:            91           1456  javax.swing.text.SimpleAttributeSet
 192:            45           1440  java.beans.PropertyChangeEvent
 193:            30           1440  sun.java2d.loops.DrawGlyphListAA
 194:            44           1408  javax.swing.plaf.InsetsUIResource
 195:            25           1400  java.lang.invoke.LambdaFormEditor$Transform
 196:            25           1400  java.nio.ByteBufferAsShortBufferB
 197:            29           1392  java.io.BufferedReader
 198:            29           1392  sun.nio.cs.StreamDecoder
 199:             1           1376  [Lsun.misc.FDBigInteger;
 200:             4           1376  javax.swing.JPanel
 201:            34           1360  sun.util.locale.BaseLocale$Key
 202:            56           1344  java.net.URLClassLoader$1
 203:            55           1320  javax.swing.text.html.StyleSheet$LargeConversionSet
 204:            81           1296  javax.swing.text.html.HTML$Attribute
 205:             9           1296  sun.font.TrueTypeFont
 206:            27           1296  sun.java2d.loops.BlitBg
 207:            54           1296  sun.reflect.NativeConstructorAccessorImpl
 208:             8           1248  [Z
 209:            52           1248  java.awt.EventQueue$4
 210:            10           1200  sun.awt.image.ByteInterleavedRaster
 211:            37           1184  java.util.ServiceLoader
 212:            46           1104  javax.swing.text.html.StyleSheet$ViewAttributeSet
 213:            21           1096  [Lsun.invoke.util.Wrapper;
 214:            27           1080  sun.reflect.UnsafeQualifiedStaticObjectFieldAccessorImpl
 215:            67           1072  java.net.URLClassLoader$3$1
 216:            19           1064  sun.java2d.loops.GraphicsPrimitiveProxy
 217:            19           1064  sun.misc.URLClassPath$JarLoader
 218:            58           1056  [Ljavax.swing.text.AttributeSet;
 219:            11           1056  sun.java2d.opengl.CGLSurfaceData$CGLOffScreenSurfaceData
 220:            10           1040  [Lcom.salvadorjacobi.tetris.Block;
 221:             1           1040  [Ljava.lang.Byte;
 222:             1           1040  [Ljava.lang.Integer;
 223:             1           1040  [Ljava.lang.Long;
 224:             1           1040  [Ljava.lang.Short;
 225:            29           1040  [Ljavax.swing.text.html.CSS$Attribute;
 226:            26           1040  java.awt.SystemColor
 227:            32           1024  java.lang.ref.ReferenceQueue
 228:            32           1024  sun.misc.URLClassPath$FileLoader$1
 229:            42           1008  javax.swing.text.GapContent$StickyPosition
 230:            31            992  java.lang.ref.PhantomReference
 231:            31            992  java.security.CodeSource
 232:            41            984  java.io.ExpiringCache$Entry
 233:            40            960  java.net.Parts
 234:            30            960  java.security.Provider$EngineDescription
 235:            30            960  javax.sound.sampled.LineEvent
 236:             9            936  java.awt.image.ComponentColorModel
 237:            39            936  java.lang.Class$1
 238:            39            936  java.lang.ProcessEnvironment$Variable
 239:            39            936  javax.swing.text.WhitespaceBasedBreakIterator
 240:             2            928  javax.swing.JButton
 241:            23            920  java.lang.invoke.MethodHandleImpl$IntrinsicMethodHandle
 242:            19            912  java.util.WeakHashMap
 243:            57            912  sun.java2d.loops.GraphicsPrimitiveMgr$PrimitiveSpec
 244:            18            896  [Ljavax.swing.text.AbstractDocument$AbstractElement;
 245:            28            896  java.io.FilePermission
 246:             2            896  javax.swing.JFrame
 247:            28            896  sun.misc.URLClassPath$JarLoader$2
 248:            28            896  sun.util.logging.PlatformLogger$DefaultLoggerProxy
 249:            37            888  java.lang.ProcessEnvironment$Value
 250:            37            888  java.util.ServiceLoader$1
 251:            27            864  java.util.Locale
 252:            12            864  javax.swing.GroupLayout$ComponentSpring
 253:            12            864  sun.awt.image.BufImgSurfaceData
 254:            27            864  sun.java2d.DefaultDisposerRecord
 255:            54            864  sun.reflect.DelegatingConstructorAccessorImpl
 256:             5            840  com.sun.media.sound.DirectAudioDevice$DirectClip
 257:            35            840  java.lang.invoke.ConstantCallSite
 258:            35            840  java.lang.invoke.InfoFromMemberName
 259:            35            840  java.lang.invoke.InnerClassLambdaMetafactory$ForwardingMethodGenerator
 260:            35            840  sun.awt.SunHints$Value
 261:            17            816  sun.java2d.loops.DrawGlyphList
 262:            17            816  sun.java2d.loops.FillRect
 263:             2            808  [Lsun.font.FontFamily;
 264:            33            792  sun.java2d.StateTrackableDelegate
 265:            14            784  java.util.ResourceBundle$CacheKey
 266:             2            784  javax.swing.JLabel
 267:            12            768  java.nio.DirectByteBuffer
 268:            24            768  java.util.concurrent.ConcurrentHashMap$ForwardingNode
 269:             2            768  javax.swing.JRootPane
 270:            24            768  sun.font.EAttribute
 271:            16            768  sun.java2d.loops.DrawLine
 272:            16            768  sun.java2d.loops.DrawPath
 273:            16            768  sun.java2d.loops.DrawPolygons
 274:            16            768  sun.java2d.loops.DrawRect
 275:            16            768  sun.java2d.loops.FillPath
 276:            16            768  sun.java2d.loops.FillSpans
 277:            19            760  javax.swing.event.AncestorEvent
 278:            47            752  java.util.LinkedHashMap$LinkedEntrySet
 279:            23            736  java.lang.invoke.SimpleMethodHandle
 280:             7            728  sun.awt.image.IntegerInterleavedRaster
 281:            20            720  [Ljavax.sound.sampled.Mixer$Info;
 282:             8            720  [Lsun.font.EAttribute;
 283:            10            720  java.awt.Font
 284:            18            720  java.io.BufferedInputStream
 285:             9            712  [Lsun.font.TrueTypeFont$DirectoryEntry;
 286:            22            704  java.awt.event.ComponentEvent
 287:             8            704  javax.swing.GroupLayout$ContainerAutoPreferredGapSpring
 288:             2            704  javax.swing.JLayeredPane
 289:            11            704  sun.nio.ch.FileChannelImpl
 290:            22            704  sun.util.locale.BaseLocale
 291:             8            688  [Lsun.java2d.loops.RenderCache$Entry;
 292:             2            688  com.sun.imageio.plugins.png.PNGMetadata
 293:            27            680  [Ljava.beans.PropertyChangeListener;
 294:            21            672  java.awt.geom.Rectangle2D$Float
 295:            28            672  java.security.Provider$UString
 296:            28            672  java.util.Date
 297:            14            672  sun.java2d.loops.TransformHelper
 298:            28            672  sun.net.www.protocol.jar.JarURLConnection$JarURLInputStream
 299:            12            672  sun.nio.cs.UTF_8$Encoder
 300:            28            672  sun.util.logging.PlatformLogger
 301:            26            664  [Ljava.awt.Component;
 302:            41            656  com.apple.laf.AquaUtils$RecyclableSingleton$$Lambda$3/558638686
 303:            27            648  java.io.InputStreamReader
 304:            20            640  java.lang.invoke.BoundMethodHandle$Species_L
 305:            20            640  sun.awt.image.MultiResolutionCachedImage$ImageCacheKey
 306:             3            624  [Ljava.lang.invoke.LambdaForm;
 307:            13            624  sun.java2d.loops.DrawGlyphListLCD
 308:            11            616  java.awt.image.PixelInterleavedSampleModel
 309:            21            608  [Ljavax.swing.text.Element;
 310:            15            600  java.awt.image.BufferedImage
 311:            25            600  java.lang.Class$MethodArray
 312:            15            600  java.util.IdentityHashMap
 313:            25            600  javax.swing.text.html.parser.TagElement
 314:            37            592  java.lang.ClassLoader$2
 315:            36            576  java.io.FileInputStream$1
 316:            18            576  java.lang.ThreadLocal$ThreadLocalMap$Entry
 317:            10            560  com.sun.media.sound.RIFFReader
 318:            35            560  java.util.HashMap$KeySet
 319:            10            560  sun.invoke.util.Wrapper
 320:            23            552  java.awt.geom.Point2D$Float
 321:            23            552  java.util.Locale$LocaleKey
 322:            34            544  java.lang.ref.ReferenceQueue$Lock
 323:             4            536  [Ljava.lang.invoke.MemberName;
 324:             1            528  [Ljava.lang.Character;
 325:            10            528  [[B
 326:            11            528  java.util.concurrent.locks.ReentrantReadWriteLock$NonfairSync
 327:            11            528  sun.java2d.opengl.OGLSwToSurfaceBlit
 328:            11            528  sun.java2d.opengl.OGLSwToSurfaceScale
 329:            11            528  sun.java2d.opengl.OGLSwToSurfaceTransform
 330:            11            528  sun.java2d.opengl.OGLSwToTextureBlit
 331:            32            512  java.util.concurrent.atomic.AtomicBoolean
 332:            16            512  javax.imageio.spi.DigraphNode
 333:            16            512  javax.swing.text.html.CSS$FontSize
 334:             9            504  java.nio.ByteBufferAsIntBufferB
 335:             9            504  javax.swing.GroupLayout$SequentialGroup
 336:            21            504  sun.misc.URLClassPath$3
 337:            31            496  javax.swing.UIDefaults$LazyInputMap
 338:            20            480  [Lcom.apple.laf.AquaKeyBindings$BindingsProvider;
 339:            10            480  [Lsun.awt.SunHints$Value;
 340:            20            480  com.apple.laf.AquaKeyBindings$LateBoundInputMap
 341:            10            480  sun.java2d.opengl.OGLMaskFill
 342:             6            480  sun.lwawt.macosx.NSEvent
 343:            20            480  sun.swing.SwingUtilities2$2
 344:            19            456  java.lang.invoke.Invokers
 345:            19            456  sun.java2d.loops.CompositeType
 346:            28            448  java.io.FilePermission$1
 347:            14            448  java.util.ResourceBundle$LoaderReference
 348:            28            448  sun.net.www.ParseUtil
 349:            27            432  com.apple.laf.AquaKeyBindings$SimpleBinding
 350:             9            432  java.awt.image.DataBufferByte
 351:            18            432  java.net.URLClassLoader$2
 352:             9            432  java.util.StringTokenizer
 353:             9            432  sun.java2d.opengl.OGLSurfaceDataProxy
 354:            14            416  [Ljava.io.ObjectStreamField;
 355:            13            416  java.io.DataInputStream
 356:            13            416  java.util.Stack
 357:             3            408  [Ljavax.swing.Action;
 358:            17            408  javax.swing.text.html.CSS$BorderStyle
 359:            25            400  com.sun.media.sound.JSSecurityManager$2
 360:            25            400  com.sun.media.sound.JSSecurityManager$3
 361:            10            400  java.lang.invoke.DirectMethodHandle$Accessor
 362:             5            400  javax.swing.GroupLayout$AutoPreferredGapSpring
 363:            10            400  javax.swing.text.DefaultStyledDocument$ElementBuffer$ElemChanges
 364:            25            400  javax.swing.text.html.CSS$Value
 365:            10            400  sun.awt.event.IgnorePaintEvent
 366:             5            400  sun.font.FontDesignMetrics
 367:             1            392  com.salvadorjacobi.tetris.ControlsView
 368:             1            392  java.awt.EventDispatchThread
 369:             1            392  sun.java2d.opengl.OGLRenderQueue$QueueFlusher
 370:             4            384  [Ljavax.swing.text.GapContent$MarkData;
 371:             8            384  java.awt.event.HierarchyEvent
 372:             8            384  java.awt.image.SinglePixelPackedSampleModel
 373:             1            384  java.lang.ref.Finalizer$FinalizerThread
 374:             8            384  javax.swing.text.html.HTMLEditorKit$InsertHTMLTextAction
 375:             8            384  sun.awt.CausedFocusEvent
 376:             8            384  sun.font.StrikeCache$SoftDisposerRef
 377:             4            384  sun.java2d.opengl.CGLSurfaceData$CGLLayerSurfaceData
 378:             8            384  sun.java2d.pipe.PixelToParallelogramConverter
 379:            16            384  sun.misc.MetaIndex
 380:             1            376  java.lang.ref.Reference$ReferenceHandler
 381:            23            368  java.awt.font.TextAttribute
 382:            23            368  java.lang.ClassLoader$3
 383:            11            360  [[[I
 384:             1            360  com.salvadorjacobi.tetris.HoldView
 385:             1            360  com.salvadorjacobi.tetris.MatrixView
 386:             1            360  com.salvadorjacobi.tetris.PreviewView
 387:             1            360  com.salvadorjacobi.tetris.Tetris
 388:             9            360  java.awt.FlowLayout
 389:             9            360  java.lang.ClassLoader$NativeLibrary
 390:             5            360  sun.font.CStrike$GlyphInfoCache
 391:             3            360  sun.font.FileFontStrike
 392:            15            360  sun.java2d.opengl.OGLSurfaceData$1
 393:             1            352  com.salvadorjacobi.tetris.ScoreView
 394:            11            352  sun.java2d.loops.RenderCache$Entry
 395:             1            344  [Ljavax.swing.text.html.HTML$Attribute;
 396:             7            336  java.awt.event.WindowEvent
 397:             7            336  java.awt.image.DataBufferInt
 398:             7            336  java.lang.invoke.LambdaFormBuffer
 399:            14            336  java.lang.invoke.LambdaFormEditor$Transform$Kind
 400:             6            336  java.nio.DirectLongBufferU
 401:            14            336  javax.swing.text.html.CSS$FontWeight
 402:             7            336  javax.swing.text.html.HTMLDocument$BlockElement
 403:            21            336  javax.swing.text.html.HTMLDocument$TaggedAttributeSet
 404:            14            336  sun.awt.CausedFocusEvent$Cause
 405:             6            336  sun.awt.TimedWindowEvent
 406:             6            336  sun.java2d.opengl.OGLMaskBlit
 407:             4            320  [Ljava.lang.ThreadLocal$ThreadLocalMap$Entry;
 408:             8            320  com.apple.laf.AquaImageFactory$SystemColorProxy
 409:            20            320  com.salvadorjacobi.tetris.Block
 410:             5            320  com.sun.media.sound.DirectAudioDevice$DirectDL$Gain
 411:             4            320  java.awt.event.MouseEvent
 412:            10            320  java.io.RandomAccessFile
 413:            10            320  java.lang.NoSuchMethodException
 414:            10            320  java.lang.OutOfMemoryError
 415:             8            320  java.security.ProtectionDomain
 416:            10            320  java.util.Collections$UnmodifiableMap
 417:            10            320  javax.sound.midi.InvalidMidiDataException
 418:             5            320  javax.sound.sampled.AudioInputStream
 419:            10            320  javax.sound.sampled.UnsupportedAudioFileException
 420:             5            320  sun.font.CStrike
 421:             8            320  sun.lwawt.macosx.CPlatformComponent$$Lambda$20/1122783784
 422:            10            320  sun.security.jca.ProviderConfig
 423:             1            312  [Ljavax.swing.text.html.HTML$Tag;
 424:            13            312  java.awt.AlphaComposite
 425:            13            312  java.util.BitSet
 426:            13            312  javax.swing.KeyStroke
 427:            19            304  javax.swing.text.html.CSS$StringValue
 428:             2            304  sun.lwawt.LWWindowPeer
 429:             9            296  [Ljava.lang.invoke.LambdaForm$NamedFunction;
 430:             6            288  java.awt.DefaultKeyboardFocusManager$DefaultKeyboardFocusManagerSentEvent
 431:             6            288  java.awt.SentEvent
 432:            18            288  java.lang.invoke.LambdaFormEditor
 433:             6            288  java.util.Properties
 434:            12            288  java.util.concurrent.atomic.AtomicLong
 435:             6            288  javax.swing.GroupLayout$ComponentInfo
 436:            12            288  javax.swing.GroupLayout$SpringDelta
 437:             9            288  javax.swing.text.AbstractDocument$ElementEdit
 438:             9            288  javax.swing.text.StyledEditorKit$FontSizeAction
 439:            12            288  javax.swing.text.html.StyleSheet$ResolvedStyle
 440:             6            288  sun.awt.image.ImageCache$ImageSoftReference
 441:            18            288  sun.java2d.StateTrackableDelegate$1
 442:             5            280  com.sun.media.sound.DirectAudioDevice$DirectDL$Balance
 443:             5            280  com.sun.media.sound.DirectAudioDevice$DirectDL$Pan
 444:             5            280  com.sun.media.sound.JavaSoundAudioClip
 445:             5            280  javax.swing.text.html.StyleSheet$BoxPainter
 446:             5            280  sun.font.StrikeMetrics
 447:            12            272  [Ljavax.sound.sampled.Control;
 448:            17            272  java.awt.AWTKeyStroke$1
 449:            11            264  java.lang.RuntimePermission
 450:            11            264  java.util.concurrent.locks.ReentrantReadWriteLock
 451:            11            264  sun.nio.ch.NativeThreadSet
 452:            11            264  sun.reflect.NativeMethodAccessorImpl
 453:             8            256  java.lang.invoke.InvokerBytecodeGenerator$CpPatch
 454:             8            256  java.util.Collections$SynchronizedMap
 455:             4            256  javax.swing.GroupLayout$ParallelGroup
 456:             8            256  javax.swing.text.DefaultEditorKit$NextVisualPositionAction
 457:             8            256  sun.font.SunFontManager$FontRegistrationInfo
 458:             5            248  [[Ljava.lang.String;
 459:             6            240  [Ljava.lang.invoke.BoundMethodHandle$SpeciesData;
 460:             6            240  com.apple.laf.AquaUtilControlSize$SizeVariant
 461:            15            240  com.sun.media.sound.DirectAudioDeviceProvider
 462:            15            240  com.sun.media.sound.PortMixerProvider
 463:            10            240  java.lang.invoke.InnerClassLambdaMetafactory$1
 464:            10            240  java.nio.file.StandardOpenOption
 465:            10            240  javax.swing.text.html.CSS$FontFamily
 466:            10            240  sun.awt.SunHints$Key
 467:             5            240  sun.font.FontDesignMetrics$KeyReference
 468:             5            240  sun.java2d.loops.DrawParallelogram
 469:             5            240  sun.java2d.loops.FillParallelogram
 470:             6            240  sun.lwawt.macosx.NamedCursor
 471:             6            240  sun.misc.Cleaner
 472:             7            224  apple.laf.JRSUIConstants$State
 473:             7            224  java.awt.geom.Point2D$Double
 474:             7            224  java.lang.invoke.DirectMethodHandle$Special
 475:             4            224  sun.lwawt.macosx.CPlatformView
 476:             7            224  sun.lwawt.macosx.CPlatformWindow$$Lambda$16/940060004
 477:             1            216  [Ljavax.swing.text.DefaultStyledDocument$ElementSpec;
 478:             9            216  java.beans.PropertyChangeSupport
 479:             9            216  java.nio.file.attribute.PosixFilePermission
 480:             9            216  javax.swing.GroupLayout$AutoPreferredGapMatch
 481:             3            216  sun.awt.PeerEvent
 482:             9            216  sun.awt.image.BufImgSurfaceManager
 483:             3            216  sun.security.provider.NativePRNG$RandomIO
 484:             9            216  sun.util.logging.PlatformLogger$Level
 485:             5            200  com.sun.media.sound.WaveFileFormat
 486:             5            200  java.lang.invoke.BoundMethodHandle$SpeciesData
 487:             4            192  [Ljava.lang.Thread;
 488:             6            192  com.apple.laf.AquaIcon$SystemIcon
 489:             6            192  java.lang.invoke.LambdaForm$BasicType
 490:             8            192  java.lang.invoke.MethodHandleImpl$Intrinsic
 491:             3            192  java.util.jar.JarFile
 492:             4            192  javax.swing.text.AbstractDocument$DefaultDocumentEvent
 493:             8            192  javax.swing.text.html.CSS$ColorValue
 494:             3            192  javax.swing.text.html.StyleSheet
 495:             8            192  sun.awt.OSInfo$WindowsVersion
 496:             3            192  sun.java2d.loops.RenderLoops
 497:             8            192  sun.lwawt.macosx.CPlatformWindow$$Lambda$19/335471116
 498:             6            192  sun.lwawt.macosx.CPlatformWindow$$Lambda$21/1935637221
 499:             6            192  sun.nio.fs.UnixPath
 500:            11            176  com.apple.laf.AquaUtils$RecyclableSingletonFromDefaultConstructor
 501:            11            176  java.util.concurrent.locks.ReentrantReadWriteLock$ReadLock
 502:            11            176  java.util.concurrent.locks.ReentrantReadWriteLock$Sync$ThreadLocalHoldCounter
 503:            11            176  java.util.concurrent.locks.ReentrantReadWriteLock$WriteLock
 504:             1            176  sun.font.CFontManager
 505:            11            176  sun.nio.ch.FileDispatcherImpl
 506:            11            176  sun.reflect.DelegatingMethodAccessorImpl
 507:            11            176  sun.security.action.GetBooleanAction
 508:             3            168  [Ljava.nio.file.StandardOpenOption;
 509:             3            168  [Ljava.nio.file.attribute.PosixFilePermission;
 510:             7            168  apple.laf.JRSUIConstants$PropertyEncoding
 511:             7            168  com.salvadorjacobi.tetris.ColorTintFilter
 512:             7            168  com.salvadorjacobi.tetris.Tetrimino$Shape
 513:             7            168  java.net.NetPermission
 514:             3            168  java.util.concurrent.ConcurrentHashMap$KeyIterator
 515:             7            168  javax.swing.plaf.DimensionUIResource
 516:             7            168  javax.swing.text.html.StyleSheet$SearchBuffer
 517:            10            160  [Ljavax.sound.sampled.Line;
 518:             5            160  [[Lsun.awt.FontDescriptor;
 519:             5            160  [[S
 520:             5            160  apple.laf.JRSUIState
 521:             4            160  com.apple.laf.AquaPainter$AquaPixelsKey
 522:             5            160  com.sun.media.sound.DirectAudioDevice$DirectDL$Mute
 523:             4            160  com.sun.media.sound.DirectAudioDeviceProvider$DirectAudioDeviceInfo
 524:             5            160  com.sun.media.sound.EventDispatcher$ClipInfo
 525:            10            160  com.sun.media.sound.JDK13Services$$Lambda$9/1401420256
 526:             5            160  com.sun.media.sound.SMFParser
 527:            10            160  java.beans.PropertyChangeSupport$PropertyChangeListenerMap
 528:             4            160  java.lang.invoke.BoundMethodHandle$Species_LL
 529:             2            160  java.net.URI
 530:             5            160  java.nio.DirectByteBuffer$Deallocator
 531:             4            160  java.security.PrivilegedActionException
 532:             5            160  java.util.concurrent.ConcurrentHashMap$ReservationNode
 533:            10            160  java.util.concurrent.atomic.AtomicReference
 534:             5            160  java.util.concurrent.locks.ReentrantLock$NonfairSync
 535:             5            160  java.util.regex.Pattern$Branch
 536:             5            160  java.util.zip.ZipCoder
 537:             5            160  javax.imageio.spi.SubRegistry
 538:             5            160  javax.sound.sampled.DataLine$Info
 539:             5            160  javax.swing.plaf.BorderUIResource$EmptyBorderUIResource
 540:             5            160  javax.swing.text.html.CSS$BorderWidthValue
 541:            10            160  sun.lwawt.macosx.CPlatformWindow$$Lambda$18/583249255
 542:             2            160  sun.net.www.protocol.jar.URLJarFile
 543:             3            144  [Lcom.salvadorjacobi.tetris.Tetrimino$Shape;
 544:             2            144  [Ljava.awt.Cursor;
 545:             3            144  apple.laf.JRSUIControl
 546:             6            144  java.awt.AWTEventMulticaster
 547:             6            144  java.awt.Component$3
 548:             9            144  java.nio.channels.spi.AbstractInterruptibleChannel$1
 549:             3            144  java.util.ResourceBundle$BundleReference
 550:             6            144  java.util.regex.Pattern$GroupHead
 551:             6            144  java.util.regex.Pattern$GroupTail
 552:             6            144  javax.sound.sampled.AudioFileFormat$Type
 553:             9            144  javax.sound.sampled.FloatControl$Type
 554:             2            144  javax.swing.plaf.FontUIResource
 555:             9            144  javax.swing.text.StyleConstants$ParagraphConstants
 556:             3            144  javax.swing.text.html.CSSParser
 557:             3            144  javax.swing.text.html.StyleSheet$CssParser
 558:             6            144  sun.font.FontDesignMetrics$MetricsKey
 559:             3            144  sun.font.FontStrikeDisposer
 560:             9            144  sun.font.TrueTypeFont$1
 561:             9            144  sun.font.TrueTypeFont$TTDisposerRecord
 562:             6            144  sun.lwawt.LWWindowPeer$PeerType
 563:             2            144  sun.lwawt.macosx.CPlatformWindow
 564:             6            144  sun.misc.PerfCounter
 565:             3            144  sun.misc.URLClassPath
 566:             1            144  sun.reflect.MethodAccessorGenerator
 567:             3            136  [Ljava.net.URL;
 568:             1            136  javax.swing.text.html.ParagraphView
 569:             1            136  javax.swing.text.html.parser.DocumentParser
 570:             8            128  [Ljava.security.Principal;
 571:             4            128  apple.laf.JRSUIConstants$Size
 572:             4            128  com.apple.laf.AquaKeyBindings$AquaMultilineAction
 573:             1            128  com.sun.imageio.plugins.png.PNGImageReader
 574:             2            128  java.io.ExpiringCache$1
 575:             4            128  java.io.FileNotFoundException
 576:             4            128  java.io.FileOutputStream
 577:             4            128  java.lang.StringCoding$StringDecoder
 578:             8            128  java.security.ProtectionDomain$Key
 579:             2            128  java.security.SecureRandom
 580:             4            128  java.util.RegularEnumSet
 581:             4            128  java.util.RegularEnumSet$EnumSetIterator
 582:             4            128  java.util.regex.Pattern$Curly
 583:             2            128  javax.swing.JRootPane$1
 584:             4            128  javax.swing.text.DefaultEditorKit$VerticalPageAction
 585:             1            128  javax.swing.text.html.HTMLEditorKit$HTMLFactory$BodyBlockView
 586:             2            128  sun.awt.im.InputMethodContext
 587:             8            128  sun.java2d.loops.RenderCache
 588:             2            128  sun.java2d.opengl.OGLAnyCompositeBlit
 589:             8            128  sun.lwawt.macosx.CPlatformView$$Lambda$22/673300410
 590:             4            128  sun.reflect.ClassFileAssembler
 591:             1            120  [Ljava.awt.SystemColor;
 592:             5            120  [Ljava.util.regex.Pattern$Node;
 593:             5            120  java.awt.AWTKeyStroke
 594:             3            120  java.io.StringReader
 595:             5            120  java.util.ArrayDeque
 596:             3            120  java.util.MissingResourceException
 597:             5            120  java.util.regex.Pattern$Ques
 598:             5            120  javax.imageio.spi.PartiallyOrderedSet
 599:             5            120  javax.swing.ActionMap
 600:             5            120  javax.swing.InputMap
 601:             5            120  javax.swing.text.StyleContext$FontKey
 602:             3            120  javax.swing.text.html.parser.TagStack
 603:             5            120  sun.applet.AppletAudioClip
 604:             5            120  sun.awt.OSInfo$OSType
 605:             5            120  sun.font.CStrike$GlyphAdvanceCache
 606:             3            120  sun.lwawt.macosx.LWCToolkit$AppleSpecificColor
 607:             5            120  sun.misc.FileURLMapper
 608:             3            120  sun.misc.FloatingDecimal$BinaryToASCIIBuffer
 609:             5            120  sun.misc.FloatingDecimal$PreparedASCIIToBinaryBuffer
 610:             3            120  sun.reflect.UnsafeQualifiedStaticIntegerFieldAccessorImpl
 611:             3            112  [Ljava.io.File;
 612:             2            112  [Ljava.lang.invoke.MethodType;
 613:             1            112  [Ljavax.swing.text.html.CSS$Value;
 614:             7            112  com.apple.laf.AquaIcon$SystemIconUIResourceSingleton
 615:             2            112  java.awt.BorderLayout
 616:             7            112  java.lang.ThreadLocal
 617:             7            112  java.util.Collections$UnmodifiableMap$UnmodifiableEntrySet$UnmodifiableEntry
 618:             2            112  java.util.concurrent.ConcurrentHashMap$ValueIterator
 619:             7            112  javax.swing.text.StyleConstants$CharacterConstants
 620:             1            112  javax.swing.text.html.BlockView
 621:             1            112  javax.swing.text.html.HTMLDocument$HTMLReader
 622:             1            112  javax.swing.text.html.HTMLEditorKit$HTMLFactory$1
 623:             2            112  sun.awt.image.SunVolatileImage
 624:             2            112  sun.java2d.opengl.OGLGeneralBlit
 625:             2            112  sun.java2d.opengl.OGLSurfaceToSwBlit
 626:             3            104  [Ljava.util.Locale;
 627:             1            104  sun.font.CFontConfiguration
 628:             4             96  [Ljava.awt.Dimension;
 629:             6             96  [Ljava.awt.Window;
 630:             2             96  [Ljava.lang.invoke.MethodHandleImpl$Intrinsic;
 631:             5             96  [Ljava.nio.file.attribute.FileAttribute;
 632:             1             96  [Lsun.font.CompositeFont;
 633:             1             96  [Lsun.font.FileFont;
 634:             2             96  [[J
 635:             3             96  apple.laf.JRSUIConstants$AlignmentHorizontal
 636:             3             96  apple.laf.JRSUIConstants$AlignmentVertical
 637:             3             96  com.sun.media.sound.DirectAudioDevice$DirectDLI
 638:             3             96  com.sun.media.sound.PortMixerProvider$PortMixerInfo
 639:             4             96  java.awt.Component$BaselineResizeBehavior
 640:             4             96  java.awt.Dialog$ModalityType
 641:             2             96  java.awt.LightweightDispatcher
 642:             4             96  java.awt.Queue
 643:             4             96  java.lang.Class$4
 644:             3             96  java.lang.StringCoding$StringEncoder
 645:             2             96  java.lang.ThreadGroup
 646:             4             96  java.lang.ThreadLocal$ThreadLocalMap
 647:             3             96  java.security.Permissions
 648:             3             96  java.util.AbstractList$ListItr
 649:             3             96  java.util.ArrayList$ListItr
 650:             4             96  java.util.Collections$SynchronizedSet
 651:             6             96  java.util.Collections$UnmodifiableSet
 652:             2             96  java.util.Hashtable$Enumerator
 653:             2             96  java.util.Properties$LineReader
 654:             3             96  java.util.RandomAccessSubList
 655:             2             96  java.util.zip.Inflater
 656:             1             96  javax.imageio.stream.FileCacheImageInputStream
 657:             4             96  javax.swing.AncestorNotifier
 658:             4             96  javax.swing.ClientPropertyKey
 659:             4             96  javax.swing.GroupLayout$Alignment
 660:             4             96  javax.swing.UIManager$LookAndFeelInfo
 661:             4             96  javax.swing.event.UndoableEditEvent
 662:             6             96  javax.swing.plaf.IconUIResource
 663:             1             96  javax.swing.plaf.basic.BasicHTML$BasicDocument
 664:             3             96  javax.swing.text.DefaultEditorKit$BeginLineAction
 665:             3             96  javax.swing.text.DefaultEditorKit$BeginParagraphAction
 666:             3             96  javax.swing.text.DefaultEditorKit$BeginWordAction
 667:             3             96  javax.swing.text.DefaultEditorKit$EndLineAction
 668:             3             96  javax.swing.text.DefaultEditorKit$EndParagraphAction
 669:             3             96  javax.swing.text.DefaultEditorKit$EndWordAction
 670:             3             96  javax.swing.text.StyledEditorKit$AlignmentAction
 671:             3             96  javax.swing.text.StyledEditorKit$FontFamilyAction
 672:             3             96  javax.swing.text.html.CSS$BackgroundPosition
 673:             1             96  sun.font.AttributeValues
 674:             4             96  sun.java2d.StateTrackable$State
 675:             2             96  sun.java2d.opengl.CGLLayer
 676:             2             96  sun.java2d.opengl.CGLVolatileSurfaceManager
 677:             6             96  sun.java2d.pipe.AAShapePipe
 678:             6             96  sun.java2d.pipe.TextRenderer
 679:             4             96  sun.lwawt.LWComponentPeer$3
 680:             2             96  sun.lwawt.macosx.CInputMethod
 681:             4             96  sun.lwawt.macosx.CPlatformResponder$DeltaAccumulator
 682:             6             96  sun.lwawt.macosx.CPlatformWindow$$Lambda$26/788117692
 683:             1             96  sun.misc.Launcher$AppClassLoader
 684:             2             96  sun.nio.cs.StreamEncoder
 685:             4             96  sun.reflect.ByteVectorImpl
 686:             3             96  sun.reflect.UnsafeStaticObjectFieldAccessorImpl
 687:             1             96  sun.security.jca.ProviderList$1
 688:             1             96  sun.security.provider.Sun
 689:             4             96  sun.swing.SwingLazyValue$1
 690:             4             96  sun.usagetracker.UsageTrackerClient$1
 691:             3             96  sun.util.ResourceBundleEnumeration
 692:             1             88  [Ljava.awt.geom.AffineTransform;
 693:             1             88  [[D
 694:             1             88  com.sun.imageio.plugins.bmp.BMPImageReaderSpi
 695:             1             88  com.sun.imageio.plugins.bmp.BMPImageWriterSpi
 696:             1             88  com.sun.imageio.plugins.gif.GIFImageReaderSpi
 697:             1             88  com.sun.imageio.plugins.gif.GIFImageWriterSpi
 698:             1             88  com.sun.imageio.plugins.jpeg.JPEGImageReaderSpi
 699:             1             88  com.sun.imageio.plugins.jpeg.JPEGImageWriterSpi
 700:             1             88  com.sun.imageio.plugins.png.PNGImageReaderSpi
 701:             1             88  com.sun.imageio.plugins.png.PNGImageWriterSpi
 702:             1             88  com.sun.imageio.plugins.wbmp.WBMPImageReaderSpi
 703:             1             88  com.sun.imageio.plugins.wbmp.WBMPImageWriterSpi
 704:             1             88  javax.swing.text.html.parser.DTD
 705:             1             88  sun.misc.Launcher$ExtClassLoader
 706:             4             80  [Ljava.awt.AWTKeyStroke;
 707:             2             80  [Lsun.awt.EventQueueItem;
 708:             1             80  com.apple.eawt._AppEventHandler
 709:             1             80  com.salvadorjacobi.tetris.GameModel
 710:             5             80  com.sun.media.sound.AiffFileReader
 711:             5             80  com.sun.media.sound.AuFileReader
 712:             5             80  com.sun.media.sound.SoftMidiAudioFileReader
 713:             5             80  com.sun.media.sound.StandardMidiFileReader
 714:             5             80  com.sun.media.sound.WaveFileReader
 715:             5             80  com.sun.media.sound.WaveFloatFileReader
 716:             2             80  java.awt.Cursor
 717:             1             80  java.awt.EventQueue
 718:             2             80  java.io.BufferedWriter
 719:             2             80  java.io.ExpiringCache
 720:             5             80  java.lang.Class$3
 721:             2             80  java.lang.invoke.MethodHandleImpl$AsVarargsCollector
 722:             2             80  java.util.ArrayList$SubList
 723:             2             80  java.util.ArrayList$SubList$1
 724:             2             80  java.util.HashMap$EntryIterator
 725:             5             80  java.util.IdentityHashMap$KeySet
 726:             2             80  java.util.Locale$Category
 727:             5             80  java.util.concurrent.locks.ReentrantLock
 728:             5             80  java.util.regex.Pattern$BranchConn
 729:             1             80  javax.imageio.ImageReadParam
 730:             2             80  javax.imageio.ImageTypeSpecifier$Interleaved
 731:             5             80  javax.sound.sampled.AudioFormat$Encoding
 732:             2             80  javax.swing.DefaultButtonModel
 733:             1             80  javax.swing.RepaintManager
 734:             2             80  javax.swing.border.TitledBorder
 735:             5             80  javax.swing.text.html.CSSBorder
 736:             2             80  sun.awt.image.MultiResolutionCachedImage
 737:             1             80  sun.font.GlyphList
 738:             2             80  sun.java2d.pipe.Region$ImmutableRegion
 739:             2             80  sun.lwawt.macosx.CPlatformComponent
 740:             5             80  sun.misc.URLClassPath$JarLoader$1
 741:             1             80  sun.reflect.misc.MethodUtil
 742:             1             72  [Ljava.lang.invoke.LambdaFormEditor$Transform$Kind;
 743:             1             72  [Ljavax.imageio.ImageTypeSpecifier;
 744:             1             72  [Lsun.awt.CausedFocusEvent$Cause;
 745:             2             72  [Lsun.security.jca.ProviderConfig;
 746:             1             72  com.apple.laf.AquaFonts$DerivedUIResourceFont
 747:             3             72  com.apple.laf.AquaPainter$AquaSingleImagePainter
 748:             1             72  com.sun.imageio.plugins.common.SubImageInputStream
 749:             1             72  java.awt.DefaultKeyboardFocusManager
 750:             3             72  java.awt.Dialog$ModalExclusionType
 751:             3             72  java.awt.EventFilter$FilterAction
 752:             3             72  java.awt.KeyboardFocusManager$HeavyweightFocusRequest
 753:             3             72  java.awt.Window$Type
 754:             3             72  java.security.SecurityPermission
 755:             1             72  java.util.ResourceBundle$RBClassLoader
 756:             3             72  java.util.SubList$1
 757:             1             72  java.util.regex.Pattern
 758:             3             72  java.util.regex.Pattern$BitClass
 759:             3             72  java.util.regex.Pattern$Ctype
 760:             3             72  java.util.regex.Pattern$Single
 761:             3             72  javax.swing.LayoutStyle$ComponentPlacement
 762:             3             72  javax.swing.text.html.CSS
 763:             3             72  javax.swing.text.html.CSS$BackgroundImage
 764:             3             72  sun.awt.AppContext$State
 765:             3             72  sun.awt.im.InputMethodLocator
 766:             1             72  sun.java2d.loops.MaskBlit$General
 767:             3             72  sun.misc.FloatingDecimal$ExceptionalBinaryToASCIIBuffer
 768:             3             72  sun.misc.Signal
 769:             1             72  sun.reflect.DelegatingClassLoader
 770:             3             72  sun.security.provider.NativePRNG$Variant
 771:             2             64  [Ljava.awt.Component$BaselineResizeBehavior;
 772:             2             64  [Ljava.awt.Rectangle;
 773:             2             64  [Ljavax.swing.GroupLayout$Alignment;
 774:             2             64  [Lsun.font.PhysicalFont;
 775:             2             64  [Lsun.java2d.StateTrackable$State;
 776:             2             64  [Lsun.security.provider.NativePRNG$Variant;
 777:             2             64  apple.laf.JRSUIConstants$Animating
 778:             2             64  apple.laf.JRSUIConstants$Focused
 779:             2             64  com.apple.laf.AquaButtonUI$AquaButtonListener
 780:             4             64  com.apple.laf.AquaImageFactory$IconUIResourceSingleton
 781:             4             64  com.apple.laf.AquaImageFactory$NamedImageSingleton
 782:             2             64  com.apple.laf.AquaPainter$AquaSingleImagePainter$$Lambda$35/1272344439
 783:             1             64  com.sun.media.sound.DirectAudioDevice
 784:             1             64  java.awt.color.ICC_ColorSpace
 785:             2             64  java.awt.geom.Path2D$Float$TxIterator
 786:             2             64  java.io.PrintStream
 787:             2             64  java.lang.ClassValue$Entry
 788:             2             64  java.lang.NoSuchFieldError
 789:             2             64  java.lang.NoSuchMethodError
 790:             2             64  java.lang.VirtualMachineError
 791:             4             64  java.lang.invoke.BoundMethodHandle$SpeciesData$1
 792:             2             64  java.lang.ref.ReferenceQueue$Null
 793:             2             64  java.net.URI$Parser
 794:             2             64  java.util.Random
 795:             2             64  java.util.ResourceBundle$Control$1
 796:             2             64  java.util.Vector$Itr
 797:             1             64  java.util.regex.Matcher
 798:             4             64  javax.sound.sampled.LineEvent$Type
 799:             1             64  javax.swing.MultiUIDefaults
 800:             1             64  javax.swing.UIDefaults
 801:             2             64  javax.swing.border.BevelBorder
 802:             2             64  javax.swing.border.EmptyBorder
 803:             1             64  javax.swing.plaf.basic.BasicHTML$BasicEditorKit
 804:             2             64  javax.swing.text.DefaultEditorKit$BeginAction
 805:             2             64  javax.swing.text.DefaultEditorKit$EndAction
 806:             2             64  javax.swing.text.DefaultEditorKit$NextWordAction
 807:             2             64  javax.swing.text.DefaultEditorKit$PageAction
 808:             2             64  javax.swing.text.DefaultEditorKit$PreviousWordAction
 809:             1             64  javax.swing.text.DefaultStyledDocument$ElementBuffer
 810:             2             64  javax.swing.text.Segment
 811:             4             64  javax.swing.text.StyleConstants
 812:             4             64  javax.swing.text.StyleConstants$FontConstants
 813:             2             64  javax.swing.text.html.HTMLEditorKit$BeginAction
 814:             2             64  javax.swing.text.html.HTMLEditorKit$NavigateLinkAction
 815:             1             64  sun.awt.CGraphicsDevice
 816:             2             64  sun.font.CCharToGlyphMapper
 817:             2             64  sun.font.CCharToGlyphMapper$Cache
 818:             4             64  sun.java2d.opengl.CGLLayer$$Lambda$24/2070560665
 819:             1             64  sun.java2d.opengl.OGLContext
 820:             1             64  sun.java2d.pipe.BufferedRenderPipe$BufferedDrawHandler
 821:             2             64  sun.lwawt.macosx.CPlatformResponder
 822:             2             64  sun.lwawt.macosx.CPlatformWindow$$Lambda$11/440434003
 823:             1             64  sun.lwawt.macosx.LWCToolkit
 824:             2             64  sun.misc.SoftCache
 825:             1             56  [Lcom.apple.laf.ClientPropertyApplicator$Property;
 826:             1             56  [Ljava.lang.Runnable;
 827:             1             56  [Ljava.util.regex.Pattern$GroupHead;
 828:             1             56  [Lsun.util.logging.PlatformLogger$Level;
 829:             1             56  [[Lcom.salvadorjacobi.tetris.Block;
 830:             1             56  [[Lsun.awt.SunHints$Value;
 831:             1             56  java.lang.Package
 832:             1             56  java.net.SocketPermission
 833:             1             56  java.nio.ByteBufferAsCharBufferB
 834:             1             56  java.util.zip.ZipFile$ZipFileInflaterInputStream
 835:             1             56  javax.swing.Timer
 836:             1             56  sun.awt.AppContext
 837:             1             56  sun.awt.im.ExecutableInputMethodManager
 838:             1             56  sun.java2d.NullSurfaceData
 839:             1             56  sun.java2d.opengl.CGLGraphicsConfig
 840:             1             56  sun.java2d.opengl.OGLGeneralTransformedBlit
 841:             1             56  sun.nio.cs.UTF_16$Decoder
 842:             1             56  sun.security.provider.SHA
 843:             2             48  [Ljava.security.Permission;
 844:             2             48  [Ljava.util.Locale$Category;
 845:             1             48  [Ljava.util.concurrent.TimeUnit;
 846:             2             48  [Ljavax.sound.sampled.Line$Info;
 847:             2             48  [Ljavax.swing.text.Position$Bias;
 848:             2             48  [Ljavax.swing.text.html.StyleSheet$BoxPainter$HorizontalMargin;
 849:             2             48  [Lsun.awt.CGraphicsDevice;
 850:             1             48  [Lsun.font.FontStrike;
 851:             1             48  [[C
 852:             2             48  com.apple.eawt.QuitStrategy
 853:             3             48  com.apple.eawt._AppEventHandler$_NativeEvent
 854:             3             48  java.awt.ComponentOrientation
 855:             2             48  java.awt.DefaultKeyboardFocusManager$TypeAheadMarker
 856:             2             48  java.awt.KeyboardFocusManager$3
 857:             2             48  java.awt.KeyboardFocusManager$LightweightFocusRequest
 858:             2             48  java.awt.Window$WindowDisposerRecord
 859:             3             48  java.awt.event.NativeLibLoader$1
 860:             2             48  java.io.BufferedOutputStream
 861:             2             48  java.io.File$PathStatus
 862:             2             48  java.io.FileReader
 863:             2             48  java.io.OutputStreamWriter
 864:             3             48  java.lang.Boolean
 865:             3             48  java.lang.invoke.BoundMethodHandle$Factory$1
 866:             1             48  java.lang.invoke.BoundMethodHandle$Species_L4
 867:             2             48  java.lang.reflect.ReflectPermission
 868:             2             48  java.nio.charset.CoderResult
 869:             3             48  java.nio.charset.CodingErrorAction
 870:             2             48  java.security.AllPermissionCollection
 871:             3             48  java.text.AttributedCharacterIterator$Attribute
 872:             1             48  java.text.AttributedString$AttributedStringIterator
 873:             1             48  java.util.TimSort
 874:             1             48  java.util.WeakHashMap$KeyIterator
 875:             2             48  java.util.concurrent.locks.ReentrantReadWriteLock$Sync$HoldCounter
 876:             2             48  java.util.regex.Pattern$1
 877:             2             48  java.util.regex.Pattern$5
 878:             2             48  java.util.zip.ZStreamRef
 879:             1             48  javax.imageio.ImageTypeSpecifier$Packed
 880:             2             48  javax.imageio.spi.PartialOrderIterator
 881:             2             48  javax.swing.ComponentInputMap
 882:             1             48  javax.swing.GroupLayout
 883:             1             48  javax.swing.UIDefaults$TextAndMnemonicHashMap
 884:             1             48  javax.swing.UIManager$LAFState
 885:             3             48  javax.swing.event.DocumentEvent$EventType
 886:             2             48  javax.swing.plaf.InputMapUIResource
 887:             1             48  javax.swing.plaf.basic.BasicHTML$Renderer
 888:             2             48  javax.swing.plaf.basic.BasicRootPaneUI$RootPaneInputMap
 889:             2             48  javax.swing.plaf.basic.LazyActionMap
 890:             1             48  javax.swing.text.AbstractDocument$BidiRootElement
 891:             2             48  javax.swing.text.DefaultEditorKit$DefaultKeyTypedAction
 892:             2             48  javax.swing.text.DefaultEditorKit$DeleteWordAction
 893:             1             48  javax.swing.text.FlowView$LogicalView
 894:             2             48  javax.swing.text.GapContent$UndoPosRef
 895:             3             48  javax.swing.text.html.CSS$CssValue
 896:             3             48  javax.swing.text.html.CSS$CssValueMapper
 897:             2             48  javax.swing.text.html.CSS$LengthUnit
 898:             1             48  javax.swing.text.html.HTMLEditorKit$InsertHRAction
 899:             2             48  javax.swing.text.html.StyleSheet$BoxPainter$HorizontalMargin
 900:             2             48  sun.awt.MostRecentKeyValue
 901:             3             48  sun.awt.image.NativeLibLoader$1
 902:             2             48  sun.awt.util.IdentityArrayList
 903:             1             48  sun.font.CMap$CMapFormat4
 904:             1             48  sun.java2d.SurfaceData$PixelToPgramLoopConverter
 905:             1             48  sun.java2d.loops.Blit$GeneralMaskBlit
 906:             1             48  sun.java2d.loops.TransformBlit
 907:             1             48  sun.java2d.opengl.OGLRTTSurfaceToSurfaceBlit
 908:             1             48  sun.java2d.opengl.OGLRTTSurfaceToSurfaceScale
 909:             1             48  sun.java2d.opengl.OGLRTTSurfaceToSurfaceTransform
 910:             1             48  sun.java2d.opengl.OGLSurfaceToSurfaceBlit
 911:             1             48  sun.java2d.opengl.OGLSurfaceToSurfaceScale
 912:             1             48  sun.java2d.opengl.OGLSurfaceToSurfaceTransform
 913:             1             48  sun.java2d.opengl.OGLTextureToSurfaceBlit
 914:             1             48  sun.java2d.opengl.OGLTextureToSurfaceScale
 915:             1             48  sun.java2d.opengl.OGLTextureToSurfaceTransform
 916:             1             48  sun.java2d.pipe.RenderBuffer
 917:             3             48  sun.java2d.pipe.SpanClipRenderer
 918:             3             48  sun.lwawt.LWCursorManager$1
 919:             2             48  sun.lwawt.macosx.CPlatformWindow$$Lambda$28/1622006612
 920:             2             48  sun.lwawt.macosx.CPlatformWindow$12
 921:             2             48  sun.misc.NativeSignalHandler
 922:             2             48  sun.misc.URLClassPath$FileLoader
 923:             3             48  sun.net.www.protocol.jar.Handler
 924:             1             48  sun.nio.cs.US_ASCII$Decoder
 925:             2             48  sun.nio.fs.UnixChannelFactory$Flags
 926:             3             48  sun.reflect.ReflectionFactory$GetReflectionFactoryAction
 927:             2             48  sun.security.jca.GetInstance$Instance
 928:             2             48  sun.security.jca.ProviderList
 929:             2             48  sun.security.jca.ProviderList$3
 930:             3             48  sun.security.provider.NativePRNG$1
 931:             1             40  [Lsun.awt.OSInfo$OSType;
 932:             1             40  [Lsun.font.FontDesignMetrics;
 933:             1             40  [Lsun.java2d.loops.RenderLoops;
 934:             1             40  [Lsun.java2d.loops.SurfaceType;
 935:             1             40  [Lsun.lwawt.LWWindowPeer$PeerType;
 936:             1             40  [Lsun.swing.SwingUtilities2$LSBCacheEntry;
 937:             1             40  [[Ljava.lang.invoke.LambdaForm$Name;
 938:             1             40  [[[Lsun.awt.FontDescriptor;
 939:             1             40  [[[S
 940:             1             40  com.apple.eawt._AppEventHandler$_OpenAppDispatcher
 941:             1             40  com.apple.eawt._AppEventHandler$_OpenFileDispatcher
 942:             1             40  com.apple.eawt._AppEventHandler$_OpenURIDispatcher
 943:             1             40  com.apple.eawt._AppEventHandler$_PrintFileDispatcher
 944:             1             40  com.apple.laf.AquaButtonBorder$Dynamic
 945:             1             40  com.apple.laf.AquaKeyBindings
 946:             1             40  com.apple.laf.resources.aqua
 947:             1             40  com.salvadorjacobi.tetris.GameController$9
 948:             1             40  com.sun.swing.internal.plaf.basic.resources.basic
 949:             1             40  java.awt.BasicStroke
 950:             1             40  java.lang.invoke.BoundMethodHandle$Species_L3
 951:             1             40  java.text.AttributedString
 952:             1             40  java.util.ResourceBundle$1
 953:             1             40  java.util.zip.InflaterInputStream
 954:             1             40  javax.swing.LayoutFocusTraversalPolicy
 955:             1             40  javax.swing.text.AbstractDocument$BidiElement
 956:             1             40  javax.swing.text.GapContent
 957:             1             40  javax.swing.text.GapContent$InsertUndo
 958:             1             40  javax.swing.text.GapContent$RemoveUndo
 959:             1             40  sun.awt.AWTAutoShutdown
 960:             1             40  sun.awt.resources.awt
 961:             1             40  sun.awt.resources.awtosx
 962:             1             40  sun.font.T2KFontScaler
 963:             1             40  sun.java2d.SurfaceDataProxy$1
 964:             1             40  sun.nio.cs.ISO_8859_1$Decoder
 965:             1             40  sun.nio.cs.StandardCharsets$Aliases
 966:             1             40  sun.nio.cs.StandardCharsets$Cache
 967:             1             40  sun.nio.cs.StandardCharsets$Classes
 968:             1             32  [Lcom.sun.media.sound.DirectAudioDevice;
 969:             1             32  [Lcom.sun.media.sound.DirectAudioDeviceProvider$DirectAudioDeviceInfo;
 970:             1             32  [Lcom.sun.media.sound.PortMixer;
 971:             1             32  [Lcom.sun.media.sound.PortMixerProvider$PortMixerInfo;
 972:             1             32  [Ljava.awt.Dialog$ModalExclusionType;
 973:             1             32  [Ljava.awt.Dialog$ModalityType;
 974:             1             32  [Ljava.awt.EventFilter$FilterAction;
 975:             1             32  [Ljava.awt.Queue;
 976:             1             32  [Ljava.awt.Window$Type;
 977:             1             32  [Ljava.lang.OutOfMemoryError;
 978:             2             32  [Ljava.lang.StackTraceElement;
 979:             1             32  [Ljava.lang.ThreadGroup;
 980:             1             32  [Ljava.lang.invoke.LambdaFormEditor$Transform;
 981:             1             32  [Ljava.util.Map;
 982:             1             32  [Ljava.util.Set;
 983:             1             32  [Ljavax.swing.ClientPropertyKey;
 984:             1             32  [Ljavax.swing.LayoutStyle$ComponentPlacement;
 985:             1             32  [Ljavax.swing.UIManager$LookAndFeelInfo;
 986:             1             32  [Ljavax.swing.text.html.CSS$CssValue;
 987:             1             32  [Lsun.awt.AppContext$State;
 988:             1             32  [Lsun.lwawt.LWComponentPeer;
 989:             1             32  [Lsun.nio.fs.NativeBuffer;
 990:             1             32  [[Ljava.awt.AWTKeyStroke;
 991:             1             32  [[Ljavax.swing.text.html.CSS$Attribute;
 992:             1             32  com.apple.eawt._AppEventHandler$_AboutDispatcher
 993:             1             32  com.apple.eawt._AppEventHandler$_AppForegroundDispatcher
 994:             1             32  com.apple.eawt._AppEventHandler$_AppReOpenedDispatcher
 995:             1             32  com.apple.eawt._AppEventHandler$_HiddenAppDispatcher
 996:             1             32  com.apple.eawt._AppEventHandler$_PreferencesDispatcher
 997:             1             32  com.apple.eawt._AppEventHandler$_QuitDispatcher
 998:             1             32  com.apple.eawt._AppEventHandler$_ScreenSleepDispatcher
 999:             1             32  com.apple.eawt._AppEventHandler$_SystemSleepDispatcher
1000:             1             32  com.apple.eawt._AppEventHandler$_UserSessionDispatcher
1001:             1             32  com.apple.laf.AquaButtonUI
1002:             2             32  com.apple.laf.AquaIcon$SystemIconSingleton
1003:             1             32  com.apple.laf.AquaLookAndFeel
1004:             1             32  com.apple.laf.AquaTableHeaderBorder
1005:             1             32  com.salvadorjacobi.tetris.GameController
1006:             1             32  com.salvadorjacobi.tetris.GameController$1
1007:             1             32  com.salvadorjacobi.tetris.GameController$2
1008:             1             32  com.salvadorjacobi.tetris.GameController$3
1009:             1             32  com.salvadorjacobi.tetris.GameController$4
1010:             1             32  com.salvadorjacobi.tetris.GameController$5
1011:             1             32  com.salvadorjacobi.tetris.GameController$6
1012:             1             32  com.salvadorjacobi.tetris.GameController$7
1013:             1             32  com.salvadorjacobi.tetris.GameController$8
1014:             1             32  com.sun.media.sound.EventDispatcher
1015:             1             32  java.awt.DefaultFocusTraversalPolicy
1016:             1             32  java.awt.color.ICC_ProfileRGB
1017:             2             32  java.io.FileOutputStream$1
1018:             1             32  java.io.UnixFileSystem
1019:             1             32  java.lang.ArithmeticException
1020:             1             32  java.lang.NullPointerException
1021:             1             32  java.lang.NumberFormatException
1022:             2             32  java.lang.Shutdown$Lock
1023:             1             32  java.lang.reflect.WeakCache
1024:             2             32  java.nio.ByteOrder
1025:             2             32  java.nio.file.attribute.PosixFilePermissions$1
1026:             2             32  java.security.AllPermission
1027:             1             32  java.security.BasicPermissionCollection
1028:             1             32  java.security.MessageDigest$Delegate
1029:             1             32  java.util.Formatter
1030:             2             32  java.util.HashMap$EntrySet
1031:             1             32  java.util.LinkedHashMap$LinkedValueIterator
1032:             1             32  java.util.PriorityQueue
1033:             1             32  java.util.PropertyPermission
1034:             2             32  java.util.WeakHashMap$KeySet
1035:             2             32  java.util.concurrent.ConcurrentHashMap$ValuesView
1036:             1             32  java.util.concurrent.DelayQueue
1037:             1             32  java.util.concurrent.atomic.AtomicReferenceFieldUpdater$AtomicReferenceFieldUpdaterImpl
1038:             2             32  javax.sound.sampled.BooleanControl$Type
1039:             2             32  javax.swing.AbstractButton$Handler
1040:             2             32  javax.swing.JRootPane$RootLayout
1041:             1             32  javax.swing.SwingContainerOrderFocusTraversalPolicy
1042:             1             32  javax.swing.SwingDefaultFocusTraversalPolicy
1043:             1             32  javax.swing.TimerQueue$DelayedTimer
1044:             1             32  javax.swing.text.DefaultEditorKit$SelectLineAction
1045:             1             32  javax.swing.text.DefaultEditorKit$SelectParagraphAction
1046:             1             32  javax.swing.text.DefaultEditorKit$SelectWordAction
1047:             1             32  javax.swing.text.DefaultStyledDocument$AttributeUndoableEdit
1048:             1             32  javax.swing.text.DefaultStyledDocument$StyleChangeUndoableEdit
1049:             1             32  javax.swing.text.GapContent$MarkVector
1050:             2             32  javax.swing.text.Position$Bias
1051:             1             32  javax.swing.text.SegmentCache$CachedSegment
1052:             2             32  javax.swing.text.StyleConstants$ColorConstants
1053:             1             32  javax.swing.text.StyledEditorKit$StyledInsertBreakAction
1054:             2             32  javax.swing.text.html.CSSBorder$DottedDashedPainter
1055:             2             32  javax.swing.text.html.CSSBorder$GrooveRidgePainter
1056:             2             32  javax.swing.text.html.CSSBorder$InsetOutsetPainter
1057:             2             32  javax.swing.text.html.CSSBorder$NullPainter
1058:             1             32  javax.swing.text.html.HTMLDocument$HTMLReader$FormAction
1059:             1             32  javax.swing.text.html.HTMLEditorKit$LinkController
1060:             2             32  sun.awt.AppContext$3
1061:             1             32  sun.awt.CGraphicsEnvironment
1062:             1             32  sun.awt.PostEventQueue
1063:             1             32  sun.awt.image.ImageCache
1064:             1             32  sun.font.TrueTypeGlyphMapper
1065:             1             32  sun.java2d.cmm.ProfileDeferralInfo
1066:             2             32  sun.java2d.opengl.CGLLayer$$Lambda$23/251930071
1067:             1             32  sun.java2d.opengl.OGLRenderer
1068:             2             32  sun.java2d.pipe.PixelToShapeConverter
1069:             2             32  sun.java2d.pipe.SpanShapeRenderer$Composite
1070:             2             32  sun.lwawt.LWComponentPeer$2
1071:             2             32  sun.lwawt.LWRepaintArea
1072:             2             32  sun.lwawt.macosx.CPlatformWindow$$Lambda$12/1020923989
1073:             2             32  sun.lwawt.macosx.CPlatformWindow$$Lambda$13/1798286609
1074:             2             32  sun.lwawt.macosx.CPlatformWindow$$Lambda$14/1945604815
1075:             2             32  sun.lwawt.macosx.CPlatformWindow$$Lambda$17/998351292
1076:             2             32  sun.lwawt.macosx.CPlatformWindow$$Lambda$25/1393931310
1077:             2             32  sun.lwawt.macosx.CPlatformWindow$$Lambda$27/1566723494
1078:             2             32  sun.lwawt.macosx.CPlatformWindow$$Lambda$30/1632392469
1079:             2             32  sun.lwawt.macosx.CPlatformWindow$$Lambda$32/1682204752
1080:             1             32  sun.nio.cs.StandardCharsets
1081:             1             32  sun.nio.fs.MacOSXFileSystem
1082:             1             32  sun.nio.fs.NativeBuffer
1083:             1             32  sun.reflect.MethodAccessorGenerator$1
1084:             2             32  sun.reflect.ReflectionFactory$1
1085:             1             32  sun.reflect.UnsafeBooleanFieldAccessorImpl
1086:             1             32  sun.reflect.UnsafeObjectFieldAccessorImpl
1087:             1             32  sun.security.provider.SecureRandom
1088:             2             32  sun.usagetracker.UsageTrackerClient$3
1089:             1             24  [Lcom.apple.eawt.QuitStrategy;
1090:             1             24  [Ljava.awt.GraphicsConfiguration;
1091:             1             24  [Ljava.io.File$PathStatus;
1092:             1             24  [Ljava.lang.ClassValue$Entry;
1093:             1             24  [Ljava.text.AttributedCharacterIterator$Attribute;
1094:             1             24  [Ljava.util.Formatter$FormatString;
1095:             1             24  [Ljavax.swing.UIDefaults;
1096:             1             24  [Lsun.launcher.LauncherHelper;
1097:             1             24  com.apple.eawt._AppEventLegacyHandler
1098:             1             24  com.apple.eawt._AppMenuBarHandler
1099:             1             24  com.apple.laf.AquaButtonBorder$Dynamic$1
1100:             1             24  com.apple.laf.AquaButtonBorder$Named
1101:             1             24  com.apple.laf.AquaLabelUI
1102:             1             24  com.apple.laf.AquaRootPaneUI
1103:             1             24  com.apple.laf.AquaUtilControlSize$SizeDescriptor
1104:             1             24  com.apple.laf.ScreenPopupFactory
1105:             1             24  com.sun.imageio.plugins.png.PNGImageDataEnumeration
1106:             1             24  com.sun.imageio.spi.FileImageInputStreamSpi
1107:             1             24  com.sun.imageio.spi.FileImageOutputStreamSpi
1108:             1             24  com.sun.imageio.spi.InputStreamImageInputStreamSpi
1109:             1             24  com.sun.imageio.spi.OutputStreamImageOutputStreamSpi
1110:             1             24  com.sun.imageio.spi.RAFImageInputStreamSpi
1111:             1             24  com.sun.imageio.spi.RAFImageOutputStreamSpi
1112:             1             24  java.awt.Toolkit$1
1113:             1             24  java.awt.Toolkit$DesktopPropertyChangeSupport
1114:             1             24  java.awt.VKCollection
1115:             1             24  java.awt.image.BufferedImage$1
1116:             1             24  java.io.FilePermissionCollection
1117:             1             24  java.io.SequenceInputStream
1118:             1             24  java.lang.ClassValue$Version
1119:             1             24  java.lang.Double
1120:             1             24  java.lang.ProcessEnvironment$StringEnvironment
1121:             1             24  java.lang.invoke.MethodHandleImpl$4
1122:             1             24  java.lang.invoke.MethodType$ConcurrentWeakInternSet
1123:             1             24  java.util.Collections$EmptyMap
1124:             1             24  java.util.Collections$SetFromMap
1125:             1             24  java.util.Collections$SynchronizedCollection
1126:             1             24  java.util.Collections$UnmodifiableMap$UnmodifiableEntrySet$1
1127:             1             24  java.util.Formatter$FixedString
1128:             1             24  java.util.Locale$Cache
1129:             1             24  java.util.ResourceBundle$Control$CandidateListCache
1130:             1             24  java.util.concurrent.ConcurrentHashMap$KeySetView
1131:             1             24  java.util.concurrent.TimeUnit$1
1132:             1             24  java.util.concurrent.TimeUnit$2
1133:             1             24  java.util.concurrent.TimeUnit$3
1134:             1             24  java.util.concurrent.TimeUnit$4
1135:             1             24  java.util.concurrent.TimeUnit$5
1136:             1             24  java.util.concurrent.TimeUnit$6
1137:             1             24  java.util.concurrent.TimeUnit$7
1138:             1             24  java.util.concurrent.atomic.AtomicReferenceFieldUpdater$AtomicReferenceFieldUpdaterImpl$1
1139:             1             24  java.util.regex.Pattern$Start
1140:             1             24  java.util.regex.Pattern$TreeInfo
1141:             1             24  javax.imageio.ImageIO$CacheInfo
1142:             1             24  javax.imageio.spi.FilterIterator
1143:             1             24  javax.imageio.stream.FileCacheImageInputStream$StreamDisposerRecord
1144:             1             24  javax.swing.RepaintManager$PaintManager
1145:             1             24  javax.swing.RepaintManager$ProcessingRunnable
1146:             1             24  javax.swing.TimerQueue
1147:             1             24  javax.swing.TimerQueue$1
1148:             1             24  javax.swing.border.EtchedBorder
1149:             1             24  javax.swing.border.LineBorder
1150:             1             24  javax.swing.plaf.BorderUIResource$LineBorderUIResource
1151:             1             24  javax.swing.plaf.basic.BasicLabelUI
1152:             1             24  javax.swing.text.DefaultEditorKit$BeepAction
1153:             1             24  javax.swing.text.DefaultEditorKit$CopyAction
1154:             1             24  javax.swing.text.DefaultEditorKit$CutAction
1155:             1             24  javax.swing.text.DefaultEditorKit$DeleteNextCharAction
1156:             1             24  javax.swing.text.DefaultEditorKit$DeletePrevCharAction
1157:             1             24  javax.swing.text.DefaultEditorKit$DumpModelAction
1158:             1             24  javax.swing.text.DefaultEditorKit$InsertBreakAction
1159:             1             24  javax.swing.text.DefaultEditorKit$InsertContentAction
1160:             1             24  javax.swing.text.DefaultEditorKit$InsertTabAction
1161:             1             24  javax.swing.text.DefaultEditorKit$PasteAction
1162:             1             24  javax.swing.text.DefaultEditorKit$ReadOnlyAction
1163:             1             24  javax.swing.text.DefaultEditorKit$SelectAllAction
1164:             1             24  javax.swing.text.DefaultEditorKit$ToggleComponentOrientationAction
1165:             1             24  javax.swing.text.DefaultEditorKit$UnselectAction
1166:             1             24  javax.swing.text.DefaultEditorKit$WritableAction
1167:             1             24  javax.swing.text.FlowView$FlowStrategy
1168:             1             24  javax.swing.text.StyledEditorKit$1
1169:             1             24  javax.swing.text.StyledEditorKit$BoldAction
1170:             1             24  javax.swing.text.StyledEditorKit$ItalicAction
1171:             1             24  javax.swing.text.StyledEditorKit$UnderlineAction
1172:             1             24  javax.swing.text.html.HTMLDocument$HTMLReader$AnchorAction
1173:             1             24  javax.swing.text.html.HTMLDocument$HTMLReader$AreaAction
1174:             1             24  javax.swing.text.html.HTMLDocument$HTMLReader$BaseAction
1175:             1             24  javax.swing.text.html.HTMLDocument$HTMLReader$BlockAction
1176:             1             24  javax.swing.text.html.HTMLDocument$HTMLReader$CharacterAction
1177:             1             24  javax.swing.text.html.HTMLDocument$HTMLReader$ConvertAction
1178:             1             24  javax.swing.text.html.HTMLDocument$HTMLReader$FormTagAction
1179:             1             24  javax.swing.text.html.HTMLDocument$HTMLReader$HeadAction
1180:             1             24  javax.swing.text.html.HTMLDocument$HTMLReader$HiddenAction
1181:             1             24  javax.swing.text.html.HTMLDocument$HTMLReader$IsindexAction
1182:             1             24  javax.swing.text.html.HTMLDocument$HTMLReader$LinkAction
1183:             1             24  javax.swing.text.html.HTMLDocument$HTMLReader$MapAction
1184:             1             24  javax.swing.text.html.HTMLDocument$HTMLReader$MetaAction
1185:             1             24  javax.swing.text.html.HTMLDocument$HTMLReader$ObjectAction
1186:             1             24  javax.swing.text.html.HTMLDocument$HTMLReader$ParagraphAction
1187:             1             24  javax.swing.text.html.HTMLDocument$HTMLReader$PreAction
1188:             1             24  javax.swing.text.html.HTMLDocument$HTMLReader$SpecialAction
1189:             1             24  javax.swing.text.html.HTMLDocument$HTMLReader$StyleAction
1190:             1             24  javax.swing.text.html.HTMLDocument$HTMLReader$TitleAction
1191:             1             24  javax.swing.text.html.HTMLEditorKit$ActivateLinkAction
1192:             1             24  sun.awt.SunHints$LCDContrastKey
1193:             1             24  sun.font.CFontManager$$Lambda$10/2007328737
1194:             1             24  sun.font.FileFont$CreatedFontFileDisposerRecord
1195:             1             24  sun.java2d.opengl.CGLGraphicsConfig$CGLGCDisposerRecord
1196:             1             24  sun.java2d.opengl.OGLContext$OGLContextCaps
1197:             1             24  sun.java2d.opengl.OGLRenderQueue
1198:             1             24  sun.launcher.LauncherHelper
1199:             1             24  sun.lwawt.LWKeyboardFocusManagerPeer
1200:             1             24  sun.lwawt.macosx.CCursorManager
1201:             1             24  sun.misc.JarIndex
1202:             1             24  sun.misc.Launcher$AppClassLoader$1
1203:             1             24  sun.misc.PerformanceLogger$TimeData
1204:             1             24  sun.net.ProgressMonitor
1205:             1             24  sun.nio.ch.Util$BufferCache
1206:             1             24  sun.nio.cs.ISO_8859_1
1207:             1             24  sun.nio.cs.US_ASCII
1208:             1             24  sun.nio.cs.UTF_16
1209:             1             24  sun.nio.cs.UTF_16BE
1210:             1             24  sun.nio.cs.UTF_16LE
1211:             1             24  sun.nio.cs.UTF_8
1212:             1             24  sun.nio.fs.NativeBuffer$Deallocator
1213:             1             24  sun.reflect.Label$PatchInfo
1214:             1             24  sun.swing.SwingUtilities2$AATextInfo
1215:             1             24  sun.usagetracker.UsageTrackerClient$4
1216:             1             24  sun.util.locale.BaseLocale$Cache
1217:             1             16  [Ljava.lang.Enum;
1218:             1             16  [Ljava.lang.Throwable;
1219:             1             16  [Ljava.security.Provider;
1220:             1             16  [Ljava.security.cert.Certificate;
1221:             1             16  [Lsun.font.CompositeFontDescriptor;
1222:             1             16  com.apple.laf.AquaButtonBorder$1
1223:             1             16  com.apple.laf.AquaButtonUI$AquaHierarchyButtonListener
1224:             1             16  com.apple.laf.AquaFocusHandler$1
1225:             1             16  com.apple.laf.AquaFonts$1
1226:             1             16  com.apple.laf.AquaFonts$2
1227:             1             16  com.apple.laf.AquaFonts$3
1228:             1             16  com.apple.laf.AquaFonts$4
1229:             1             16  com.apple.laf.AquaFonts$5
1230:             1             16  com.apple.laf.AquaFonts$6
1231:             1             16  com.apple.laf.AquaFonts$7
1232:             1             16  com.apple.laf.AquaLookAndFeel$1
1233:             1             16  com.apple.laf.AquaLookAndFeel$2
1234:             1             16  com.apple.laf.AquaLookAndFeel$3
1235:             1             16  com.apple.laf.AquaMenuBarBorder
1236:             1             16  com.apple.laf.AquaMenuBorder
1237:             1             16  com.apple.laf.AquaMnemonicHandler$AltProcessor
1238:             1             16  com.apple.laf.AquaPanelUI
1239:             1             16  com.apple.laf.AquaTableHeaderBorder$1
1240:             1             16  com.apple.laf.AquaUtilControlSize$PropertySizeListener
1241:             1             16  com.apple.laf.AquaUtils$2
1242:             1             16  com.apple.laf.AquaUtils$5
1243:             1             16  com.apple.laf.AquaUtils$6
1244:             1             16  com.apple.laf.ScreenPopupFactory$1
1245:             1             16  com.salvadorjacobi.tetris.Tetris$1
1246:             1             16  com.sun.imageio.plugins.common.InputStreamAdapter
1247:             1             16  com.sun.imageio.stream.StreamCloser$1
1248:             1             16  com.sun.imageio.stream.StreamCloser$2
1249:             1             16  com.sun.imageio.stream.StreamCloser$CloseAction
1250:             1             16  com.sun.media.sound.Platform$$Lambda$8/501263526
1251:             1             16  java.awt.AWTEvent$1
1252:             1             16  java.awt.AWTEvent$2
1253:             1             16  java.awt.Component$1
1254:             1             16  java.awt.Component$AWTTreeLock
1255:             1             16  java.awt.Component$DummyRequestFocusController
1256:             1             16  java.awt.Container$1
1257:             1             16  java.awt.Cursor$1
1258:             1             16  java.awt.DefaultKeyboardFocusManager$1
1259:             1             16  java.awt.EventDispatchThread$1
1260:             1             16  java.awt.EventDispatchThread$HierarchyEventFilter
1261:             1             16  java.awt.EventQueue$1
1262:             1             16  java.awt.EventQueue$2
1263:             1             16  java.awt.EventQueue$5
1264:             1             16  java.awt.Font$1
1265:             1             16  java.awt.Font$2
1266:             1             16  java.awt.Font$FontAccessImpl
1267:             1             16  java.awt.Frame$1
1268:             1             16  java.awt.GraphicsCallback$PaintCallback
1269:             1             16  java.awt.GraphicsEnvironment$$Lambda$1/142257191
1270:             1             16  java.awt.Image$1
1271:             1             16  java.awt.ImageCapabilities
1272:             1             16  java.awt.KeyboardFocusManager$1
1273:             1             16  java.awt.SystemColor$$Lambda$4/81628611
1274:             1             16  java.awt.Toolkit$2
1275:             1             16  java.awt.Toolkit$3
1276:             1             16  java.awt.Toolkit$4
1277:             1             16  java.awt.Toolkit$5
1278:             1             16  java.awt.Window$1
1279:             1             16  java.awt.color.ICC_Profile$1
1280:             1             16  java.awt.event.InputEvent$1
1281:             1             16  java.awt.event.InvocationEvent$1
1282:             1             16  java.awt.event.KeyEvent$1
1283:             1             16  java.awt.image.ColorModel$1
1284:             1             16  java.awt.image.DataBuffer$1
1285:             1             16  java.io.FileDescriptor$1
1286:             1             16  java.io.RandomAccessFile$1
1287:             1             16  java.lang.ApplicationShutdownHooks$1
1288:             1             16  java.lang.CharacterDataLatin1
1289:             1             16  java.lang.ClassValue$Identity
1290:             1             16  java.lang.Compiler$1
1291:             1             16  java.lang.InheritableThreadLocal
1292:             1             16  java.lang.Runtime
1293:             1             16  java.lang.String$CaseInsensitiveComparator
1294:             1             16  java.lang.System$2
1295:             1             16  java.lang.SystemClassLoaderAction
1296:             1             16  java.lang.Terminator$1
1297:             1             16  java.lang.invoke.MemberName$Factory
1298:             1             16  java.lang.invoke.MethodHandleImpl$1
1299:             1             16  java.lang.invoke.MethodHandleImpl$2
1300:             1             16  java.lang.invoke.MethodHandleImpl$3
1301:             1             16  java.lang.invoke.MethodHandleStatics$1
1302:             1             16  java.lang.ref.Reference$1
1303:             1             16  java.lang.ref.Reference$Lock
1304:             1             16  java.lang.reflect.Proxy$KeyFactory
1305:             1             16  java.lang.reflect.Proxy$ProxyClassFactory
1306:             1             16  java.lang.reflect.ReflectAccess
1307:             1             16  java.net.URLClassLoader$7
1308:             1             16  java.nio.Bits$1
1309:             1             16  java.nio.charset.CoderResult$1
1310:             1             16  java.nio.charset.CoderResult$2
1311:             1             16  java.nio.file.FileSystems$DefaultFileSystemHolder$1
1312:             1             16  java.security.AccessController$1
1313:             1             16  java.security.ProtectionDomain$2
1314:             1             16  java.security.ProtectionDomain$JavaSecurityAccessImpl
1315:             1             16  java.security.Security$1
1316:             1             16  java.util.Collections$EmptyEnumeration
1317:             1             16  java.util.Collections$EmptyList
1318:             1             16  java.util.Collections$EmptySet
1319:             1             16  java.util.Collections$UnmodifiableMap$UnmodifiableEntrySet
1320:             1             16  java.util.Hashtable$EntrySet
1321:             1             16  java.util.Hashtable$ValueCollection
1322:             1             16  java.util.LinkedHashMap$LinkedValues
1323:             1             16  java.util.LinkedHashSet
1324:             1             16  java.util.ResourceBundle$Control
1325:             1             16  java.util.ResourceBundle$RBClassLoader$1
1326:             1             16  java.util.jar.JavaUtilJarAccessImpl
1327:             1             16  java.util.logging.LoggingProxyImpl
1328:             1             16  java.util.regex.Pattern$4
1329:             1             16  java.util.regex.Pattern$LastNode
1330:             1             16  java.util.regex.Pattern$Node
1331:             1             16  java.util.zip.ZipFile$1
1332:             1             16  javax.imageio.ImageIO$CanDecodeInputFilter
1333:             1             16  javax.imageio.ImageIO$ImageReaderIterator
1334:             1             16  javax.imageio.spi.IIORegistry
1335:             1             16  javax.imageio.spi.IIORegistry$1
1336:             1             16  javax.sound.sampled.Line$Info
1337:             1             16  javax.swing.ClientPropertyKey$1
1338:             1             16  javax.swing.JComponent$1
1339:             1             16  javax.swing.LayoutComparator
1340:             1             16  javax.swing.RepaintManager$1
1341:             1             16  javax.swing.RepaintManager$DisplayChangedHandler
1342:             1             16  javax.swing.SortingFocusTraversalPolicy$1
1343:             1             16  javax.swing.SwingPaintEventDispatcher
1344:             1             16  javax.swing.Timer$DoPostEvent
1345:             1             16  javax.swing.UIManager$1
1346:             1             16  javax.swing.UIManager$2
1347:             1             16  javax.swing.plaf.BorderUIResource
1348:             1             16  javax.swing.plaf.basic.BasicHTML$BasicHTMLViewFactory
1349:             1             16  javax.swing.plaf.basic.BasicLookAndFeel$2
1350:             1             16  javax.swing.plaf.basic.BasicRootPaneUI
1351:             1             16  javax.swing.text.AbstractDocument$1
1352:             1             16  javax.swing.text.GlyphPainter1
1353:             1             16  javax.swing.text.SegmentCache
1354:             1             16  javax.swing.text.SimpleAttributeSet$EmptyAttributeSet
1355:             1             16  javax.swing.text.StyledEditorKit$AttributeTracker
1356:             1             16  javax.swing.text.StyledEditorKit$StyledViewFactory
1357:             1             16  javax.swing.text.html.CSSBorder$DoublePainter
1358:             1             16  javax.swing.text.html.CSSBorder$SolidPainter
1359:             1             16  javax.swing.text.html.HTMLDocument$HTMLReader$TagAction
1360:             1             16  javax.swing.text.html.HTMLEditorKit$1
1361:             1             16  javax.swing.text.html.HTMLEditorKit$HTMLFactory
1362:             1             16  javax.swing.text.html.HTMLEditorKit$NavigateLinkAction$FocusHighlightPainter
1363:             1             16  javax.swing.text.html.parser.ParserDelegator
1364:             1             16  javax.swing.text.html.parser.ParserDelegator$1
1365:             1             16  sun.awt.AppContext$1
1366:             1             16  sun.awt.AppContext$2
1367:             1             16  sun.awt.AppContext$6
1368:             1             16  sun.awt.AppContext$GetAppContextLock
1369:             1             16  sun.awt.CGraphicsEnvironment$1
1370:             1             16  sun.awt.CGraphicsEnvironment$2
1371:             1             16  sun.awt.NullComponentPeer
1372:             1             16  sun.awt.OSInfo$1
1373:             1             16  sun.awt.SunDisplayChanger
1374:             1             16  sun.awt.SunToolkit$ModalityListenerList
1375:             1             16  sun.awt.im.ExecutableInputMethodManager$3
1376:             1             16  sun.awt.image.ImageCache$$Lambda$34/1112078183
1377:             1             16  sun.awt.image.PixelConverter
1378:             1             16  sun.awt.image.PixelConverter$Argb
1379:             1             16  sun.awt.image.PixelConverter$ArgbBm
1380:             1             16  sun.awt.image.PixelConverter$ArgbPre
1381:             1             16  sun.awt.image.PixelConverter$Bgrx
1382:             1             16  sun.awt.image.PixelConverter$ByteGray
1383:             1             16  sun.awt.image.PixelConverter$Rgba
1384:             1             16  sun.awt.image.PixelConverter$RgbaPre
1385:             1             16  sun.awt.image.PixelConverter$Rgbx
1386:             1             16  sun.awt.image.PixelConverter$Ushort4444Argb
1387:             1             16  sun.awt.image.PixelConverter$Ushort555Rgb
1388:             1             16  sun.awt.image.PixelConverter$Ushort555Rgbx
1389:             1             16  sun.awt.image.PixelConverter$Ushort565Rgb
1390:             1             16  sun.awt.image.PixelConverter$UshortGray
1391:             1             16  sun.awt.image.PixelConverter$Xbgr
1392:             1             16  sun.awt.image.PixelConverter$Xrgb
1393:             1             16  sun.dc.DuctusRenderingEngine
1394:             1             16  sun.font.CFontManager$2
1395:             1             16  sun.font.CFontManager$3
1396:             1             16  sun.font.CMap$NullCMapClass
1397:             1             16  sun.font.FontManagerFactory$1
1398:             1             16  sun.font.FontManagerNativeLibrary$1
1399:             1             16  sun.font.FontUtilities$1
1400:             1             16  sun.font.StrikeCache$1
1401:             1             16  sun.font.SunFontManager$1
1402:             1             16  sun.font.SunFontManager$10
1403:             1             16  sun.font.SunFontManager$2
1404:             1             16  sun.font.SunFontManager$3
1405:             1             16  sun.font.SunFontManager$T1Filter
1406:             1             16  sun.font.SunFontManager$TTFilter
1407:             1             16  sun.font.T2KFontScaler$1
1408:             1             16  sun.java2d.Disposer
1409:             1             16  sun.java2d.Disposer$$Lambda$7/495053715
1410:             1             16  sun.java2d.Disposer$1
1411:             1             16  sun.java2d.MacosxSurfaceManagerFactory
1412:             1             16  sun.java2d.StateTracker$1
1413:             1             16  sun.java2d.StateTracker$2
1414:             1             16  sun.java2d.SunGraphicsEnvironment$1
1415:             1             16  sun.java2d.SurfaceData$PixelToShapeLoopConverter
1416:             1             16  sun.java2d.loops.GraphicsPrimitiveMgr$1
1417:             1             16  sun.java2d.loops.GraphicsPrimitiveMgr$2
1418:             1             16  sun.java2d.opengl.CGLGraphicsConfig$$Lambda$6/189568618
1419:             1             16  sun.java2d.opengl.CGLGraphicsConfig$CGLImageCaps
1420:             1             16  sun.java2d.opengl.CGLLayer$$Lambda$29/323947697
1421:             1             16  sun.java2d.opengl.OGLDrawImage
1422:             1             16  sun.java2d.opengl.OGLRenderQueue$$Lambda$5/1531448569
1423:             1             16  sun.java2d.opengl.OGLTextRenderer
1424:             1             16  sun.java2d.pipe.AATextRenderer
1425:             1             16  sun.java2d.pipe.AlphaColorPipe
1426:             1             16  sun.java2d.pipe.AlphaPaintPipe
1427:             1             16  sun.java2d.pipe.BufferedRenderPipe$AAParallelogramPipe
1428:             1             16  sun.java2d.pipe.DrawImage
1429:             1             16  sun.java2d.pipe.GeneralCompositePipe
1430:             1             16  sun.java2d.pipe.LCDTextRenderer
1431:             1             16  sun.java2d.pipe.LoopPipe
1432:             1             16  sun.java2d.pipe.NullPipe
1433:             1             16  sun.java2d.pipe.OutlineTextRenderer
1434:             1             16  sun.java2d.pipe.RenderingEngine$1
1435:             1             16  sun.java2d.pipe.SolidTextRenderer
1436:             1             16  sun.java2d.pipe.ValidatePipe
1437:             1             16  sun.lwawt.macosx.CImage$Creator
1438:             1             16  sun.lwawt.macosx.CInputMethodDescriptor
1439:             1             16  sun.lwawt.macosx.CPlatformWindow$$Lambda$15/1160220028
1440:             1             16  sun.lwawt.macosx.CPlatformWindow$$Lambda$31/922869887
1441:             1             16  sun.lwawt.macosx.CPlatformWindow$$Lambda$33/759156157
1442:             1             16  sun.lwawt.macosx.CPlatformWindow$1
1443:             1             16  sun.lwawt.macosx.CPlatformWindow$10
1444:             1             16  sun.lwawt.macosx.CPlatformWindow$11
1445:             1             16  sun.lwawt.macosx.CPlatformWindow$2
1446:             1             16  sun.lwawt.macosx.CPlatformWindow$3
1447:             1             16  sun.lwawt.macosx.CPlatformWindow$4
1448:             1             16  sun.lwawt.macosx.CPlatformWindow$5
1449:             1             16  sun.lwawt.macosx.CPlatformWindow$6
1450:             1             16  sun.lwawt.macosx.CPlatformWindow$7
1451:             1             16  sun.lwawt.macosx.CPlatformWindow$8
1452:             1             16  sun.lwawt.macosx.CPlatformWindow$9
1453:             1             16  sun.lwawt.macosx.LWCToolkit$$Lambda$2/1677633372
1454:             1             16  sun.lwawt.macosx.LWCToolkit$1
1455:             1             16  sun.lwawt.macosx.LWCToolkit$2
1456:             1             16  sun.misc.FloatingDecimal$1
1457:             1             16  sun.misc.Launcher
1458:             1             16  sun.misc.Launcher$BootClassPathHolder$1
1459:             1             16  sun.misc.Launcher$ExtClassLoader$1
1460:             1             16  sun.misc.Launcher$Factory
1461:             1             16  sun.misc.Perf
1462:             1             16  sun.misc.Perf$GetPerfAction
1463:             1             16  sun.misc.Unsafe
1464:             1             16  sun.net.DefaultProgressMeteringPolicy
1465:             1             16  sun.net.www.protocol.file.Handler
1466:             1             16  sun.net.www.protocol.jar.JarFileFactory
1467:             1             16  sun.nio.ch.IOUtil$1
1468:             1             16  sun.nio.ch.Util$1
1469:             1             16  sun.nio.ch.Util$2
1470:             1             16  sun.nio.fs.MacOSXFileSystemProvider
1471:             1             16  sun.nio.fs.UnixNativeDispatcher$1
1472:             1             16  sun.reflect.ClassDefiner$1
1473:             1             16  sun.reflect.GeneratedMethodAccessor1
1474:             1             16  sun.reflect.Label
1475:             1             16  sun.reflect.ReflectionFactory
1476:             1             16  sun.reflect.misc.MethodUtil$1
1477:             1             16  sun.security.jca.ProviderConfig$2
1478:             1             16  sun.security.jca.ProviderList$2
1479:             1             16  sun.security.provider.NativePRNG
1480:             1             16  sun.security.provider.SunEntries$1
1481:             1             16  sun.swing.DefaultLayoutStyle
1482:             1             16  sun.swing.StringUIClientPropertyKey
1483:             1             16  sun.usagetracker.UsageTrackerClient
1484:             1             16  sun.util.CoreResourceBundleControl
1485:             1             16  sun.util.calendar.Gregorian
1486:             1             16  sun.util.logging.LoggingSupport$1
1487:             1             16  sun.util.logging.LoggingSupport$2
1488:             1             16  sun.util.logging.PlatformLogger$1
Total        430445       36250800
