➜  ~ jstat -gcutil -t 71405 1000
Timestamp         S0     S1     E      O      M     CCS    YGC     YGCT    FGC    FGCT     GCT
           26.6   0.00   0.00  34.02   0.00  17.29  19.76      0    0.000     0    0.000    0.000
           27.6   0.00   0.00  34.02   0.00  17.29  19.76      0    0.000     0    0.000    0.000
           28.6   0.00   0.00  36.02   0.00  17.29  19.76      0    0.000     0    0.000    0.000
           29.6   0.00   0.00  36.02   0.00  17.29  19.76      0    0.000     0    0.000    0.000
           30.6   0.00   0.00  36.02   0.00  17.29  19.76      0    0.000     0    0.000    0.000
           31.6   0.00   0.00  36.02   0.00  17.29  19.76      0    0.000     0    0.000    0.000
           32.6   0.00   0.00  36.02   0.00  17.29  19.76      0    0.000     0    0.000    0.000
           33.6   0.00   0.00  38.02   0.00  17.29  19.76      0    0.000     0    0.000    0.000
           34.6   0.00   0.00  38.02   0.00  17.29  19.76      0    0.000     0    0.000    0.000
           35.7   0.00   0.00  38.02   0.00  17.29  19.76      0    0.000     0    0.000    0.000
           36.7   0.00   0.00  38.02   0.00  17.29  19.76      0    0.000     0    0.000    0.000
           37.7   0.00   0.00  44.02   0.00  17.29  19.76      0    0.000     0    0.000    0.000
           38.7   0.00   0.00  44.02   0.00  17.29  19.76      0    0.000     0    0.000    0.000
           39.7   0.00   0.00  44.02   0.00  17.29  19.76      0    0.000     0    0.000    0.000
           40.7   0.00   0.00  44.02   0.00  17.29  19.76      0    0.000     0    0.000    0.000
           41.7   0.00   0.00  44.02   0.00  17.29  19.76      0    0.000     0    0.000    0.000
           42.7   0.00   0.00  44.02   0.00  17.29  19.76      0    0.000     0    0.000    0.000
           43.7   0.00   0.00  44.02   0.00  17.29  19.76      0    0.000     0    0.000    0.000
           44.7   0.00   0.00  44.02   0.00  17.29  19.76      0    0.000     0    0.000    0.000
           45.7   0.00   0.00  44.02   0.00  17.29  19.76      0    0.000     0    0.000    0.000
           46.7   0.00   0.00  44.02   0.00  17.29  19.76      0    0.000     0    0.000    0.000
           47.7   0.00   0.00  44.02   0.00  17.29  19.76      0    0.000     0    0.000    0.000
           48.7   0.00   0.00  44.02   0.00  17.29  19.76      0    0.000     0    0.000    0.000
           49.7   0.00   0.00  46.02   0.00  17.29  19.76      0    0.000     0    0.000    0.000
           50.7   0.00   0.00  50.02   0.00  17.29  19.76      0    0.000     0    0.000    0.000
           51.7   0.00   0.00  52.02   0.00  17.29  19.76      0    0.000     0    0.000    0.000
           52.7   0.00   0.00  52.02   0.00  17.29  19.76      0    0.000     0    0.000    0.000
           53.7   0.00   0.00  52.02   0.00  17.29  19.76      0    0.000     0    0.000    0.000
           54.7   0.00   0.00  52.02   0.00  17.29  19.76      0    0.000     0    0.000    0.000
           55.7   0.00   0.00  58.02   0.00  17.29  19.76      0    0.000     0    0.000    0.000
           56.7   0.00   0.00  58.02   0.00  17.29  19.76      0    0.000     0    0.000    0.000
           57.7   0.00   0.00  58.02   0.00  17.29  19.76      0    0.000     0    0.000    0.000
           58.8   0.00   0.00  60.02   0.00  17.29  19.76      0    0.000     0    0.000    0.000
           59.8   0.00   0.00  60.02   0.00  17.29  19.76      0    0.000     0    0.000    0.000
           60.8   0.00   0.00  62.02   0.00  17.29  19.76      0    0.000     0    0.000    0.000
           61.8   0.00   0.00  66.02   0.00  17.29  19.76      0    0.000     0    0.000    0.000
           62.8   0.00   0.00  66.02   0.00  17.29  19.76      0    0.000     0    0.000    0.000
           63.8   0.00   0.00  74.16   0.00  17.29  19.76      0    0.000     0    0.000    0.000
           64.8   0.00   0.00  74.16   0.00  17.29  19.76      0    0.000     0    0.000    0.000
           65.8   0.00   0.00  74.16   0.00  17.29  19.76      0    0.000     0    0.000    0.000
           66.8   0.00   0.00  74.16   0.00  17.29  19.76      0    0.000     0    0.000    0.000
           67.8   0.00   0.00  76.16   0.00  17.29  19.76      0    0.000     0    0.000    0.000
           68.8   0.00   0.00  76.16   0.00  17.29  19.76      0    0.000     0    0.000    0.000
           69.8   0.00   0.00  76.16   0.00  17.29  19.76      0    0.000     0    0.000    0.000
           70.8   0.00   0.00  78.16   0.00  17.29  19.76      0    0.000     0    0.000    0.000
           71.8   0.00   0.00  82.16   0.00  17.29  19.76      0    0.000     0    0.000    0.000
           72.8   0.00   0.00  84.16   0.00  17.29  19.76      0    0.000     0    0.000    0.000
           73.8   0.00   0.00  84.16   0.00  17.29  19.76      0    0.000     0    0.000    0.000
           74.8   0.00   0.00  86.16   0.00  17.29  19.76      0    0.000     0    0.000    0.000
           75.8   0.00   0.00  88.16   0.00  17.29  19.76      0    0.000     0    0.000    0.000
           76.8   0.00   0.00  88.16   0.00  17.29  19.76      0    0.000     0    0.000    0.000
           77.8   0.00   0.00  88.16   0.00  17.29  19.76      0    0.000     0    0.000    0.000
           78.9   0.00   0.00  88.16   0.00  17.29  19.76      0    0.000     0    0.000    0.000
           79.9   0.00   0.00  88.16   0.00  17.29  19.76      0    0.000     0    0.000    0.000
           80.9   0.00   0.00  92.16   0.00  17.29  19.76      0    0.000     0    0.000    0.000
           81.9   0.00   0.00  96.16   0.00  17.29  19.76      0    0.000     0    0.000    0.000
           82.9   0.00   0.00  96.16   0.00  17.29  19.76      0    0.000     0    0.000    0.000
           83.8   0.00   0.00  96.16   0.00  17.29  19.76      0    0.000     0    0.000    0.000
           84.8   0.00   0.00  96.16   0.00  17.29  19.76      0    0.000     0    0.000    0.000
           85.8   0.00   0.00  96.16   0.00  17.29  19.76      0    0.000     0    0.000    0.000
           86.8   0.00   0.00  98.16   0.00  17.29  19.76      0    0.000     0    0.000    0.000
           87.8   0.00  31.08  12.18   0.01  95.66  92.44      1    0.006     0    0.000    0.006
           88.8   0.00  31.08  12.18   0.01  95.66  92.44      1    0.006     0    0.000    0.006
           89.9   0.00  31.08  12.18   0.01  95.66  92.44      1    0.006     0    0.000    0.006
           90.9   0.00  31.08  13.36   0.01  95.66  92.44      1    0.006     0    0.000    0.006
           91.9   0.00  31.08  15.16   0.01  95.66  92.44      1    0.006     0    0.000    0.006
           92.9   0.00  31.08  15.56   0.01  95.66  92.44      1    0.006     0    0.000    0.006
           93.9   0.00  31.08  16.75   0.01  95.66  92.44      1    0.006     0    0.000    0.006
           94.9   0.00  31.08  16.75   0.01  95.66  92.44      1    0.006     0    0.000    0.006
           95.9   0.00  31.08  16.75   0.01  95.66  92.44      1    0.006     0    0.000    0.006
           96.9   0.00  31.08  17.15   0.01  95.66  92.44      1    0.006     0    0.000    0.006
           97.9   0.00  31.08  17.15   0.01  95.66  92.44      1    0.006     0    0.000    0.006
           98.9   0.00  31.08  18.33   0.01  95.66  92.44      1    0.006     0    0.000    0.006
           99.9   0.00  31.08  19.13   0.01  95.66  92.44      1    0.006     0    0.000    0.006
          100.9   0.00  31.08  19.13   0.01  95.66  92.44      1    0.006     0    0.000    0.006
          101.9   0.00  31.08  21.51   0.01  95.66  92.44      1    0.006     0    0.000    0.006
          102.9   0.00  31.08  21.51   0.01  95.66  92.44      1    0.006     0    0.000    0.006
          103.9   0.00  31.08  21.51   0.01  95.66  92.44      1    0.006     0    0.000    0.006
          104.9   0.00  31.08  22.71   0.01  95.66  92.44      1    0.006     0    0.000    0.006
          105.9   0.00  31.08  23.89   0.01  95.66  92.44      1    0.006     0    0.000    0.006
          106.9   0.00  31.08  23.89   0.01  95.66  92.44      1    0.006     0    0.000    0.006
          107.9   0.00  31.08  23.89   0.01  95.66  92.44      1    0.006     0    0.000    0.006
          108.9   0.00  31.08  23.89   0.01  95.66  92.44      1    0.006     0    0.000    0.006
          109.9   0.00  31.08  24.69   0.01  95.66  92.44      1    0.006     0    0.000    0.006
          110.9   0.00  31.08  25.69   0.01  95.66  92.44      1    0.006     0    0.000    0.006
          111.9   0.00  31.08  27.28   0.01  95.66  92.44      1    0.006     0    0.000    0.006
          112.9   0.00  31.08  27.28   0.01  95.66  92.44      1    0.006     0    0.000    0.006
          113.9   0.00  31.08  27.28   0.01  95.66  92.44      1    0.006     0    0.000    0.006
          114.9   0.00  31.08  27.28   0.01  95.66  92.44      1    0.006     0    0.000    0.006
          115.9   0.00  31.08  28.46   0.01  95.66  92.44      1    0.006     0    0.000    0.006
          116.9   0.00  31.08  28.46   0.01  95.66  92.44      1    0.006     0    0.000    0.006
          117.9   0.00  31.08  28.86   0.01  95.66  92.44      1    0.006     0    0.000    0.006
          118.9   0.00  31.08  29.26   0.01  95.66  92.44      1    0.006     0    0.000    0.006
          119.9   0.00  31.08  29.26   0.01  95.66  92.44      1    0.006     0    0.000    0.006
          121.0   0.00  31.08  29.26   0.01  95.66  92.44      1    0.006     0    0.000    0.006
          122.0   0.00  31.08  29.26   0.01  95.66  92.44      1    0.006     0    0.000    0.006
          123.0   0.00  31.08  29.26   0.01  95.66  92.44      1    0.006     0    0.000    0.006
          124.0   0.00  31.08  30.44   0.01  95.66  92.44      1    0.006     0    0.000    0.006
          125.0   0.00  31.08  30.44   0.01  95.66  92.44      1    0.006     0    0.000    0.006
          126.0   0.00  31.08  32.04   0.01  95.66  92.44      1    0.006     0    0.000    0.006
          127.0   0.00  31.08  32.04   0.01  95.66  92.44      1    0.006     0    0.000    0.006
          128.0   0.00  31.08  34.02   0.01  95.66  92.44      1    0.006     0    0.000    0.006
          129.0   0.00  31.08  34.02   0.01  95.66  92.44      1    0.006     0    0.000    0.006
          130.0   0.00  31.08  34.02   0.01  95.66  92.44      1    0.006     0    0.000    0.006
          131.0   0.00  31.08  34.42   0.01  95.66  92.44      1    0.006     0    0.000    0.006
          132.0   0.00  31.08  36.40   0.01  95.66  92.44      1    0.006     0    0.000    0.006
          133.0   0.00  31.08  36.40   0.01  95.66  92.44      1    0.006     0    0.000    0.006
          134.0   0.00  31.08  37.40   0.01  95.66  92.44      1    0.006     0    0.000    0.006
          135.0   0.00  31.08  38.59   0.01  95.66  92.44      1    0.006     0    0.000    0.006
          136.0   0.00  31.08  38.99   0.01  95.66  92.44      1    0.006     0    0.000    0.006
          137.0   0.00  31.08  39.79   0.01  95.66  92.44      1    0.006     0    0.000    0.006
          138.0   0.00  31.08  40.97   0.01  95.66  92.44      1    0.006     0    0.000    0.006
          139.0   0.00  31.08  40.97   0.01  95.66  92.44      1    0.006     0    0.000    0.006
          140.1   0.00  31.08  40.97   0.01  95.66  92.44      1    0.006     0    0.000    0.006
          141.1   0.00  31.08  40.97   0.01  95.66  92.44      1    0.006     0    0.000    0.006
          142.0   0.00  31.08  40.97   0.01  95.66  92.44      1    0.006     0    0.000    0.006
          143.0   0.00  31.08  41.77   0.01  95.66  92.44      1    0.006     0    0.000    0.006
          144.0   0.00  31.08  42.95   0.01  95.66  92.44      1    0.006     0    0.000    0.006
          145.0   0.00  31.08  42.95   0.01  95.66  92.44      1    0.006     0    0.000    0.006
          146.1   0.00  31.08  43.35   0.01  95.66  92.44      1    0.006     0    0.000    0.006
          147.1   0.00  31.08  43.75   0.01  95.66  92.44      1    0.006     0    0.000    0.006
          148.1   0.00  31.08  45.78   0.01  95.66  92.44      1    0.006     0    0.000    0.006
          149.1   0.00  31.08  45.78   0.01  95.66  92.44      1    0.006     0    0.000    0.006
          150.1   0.00  31.08  45.78   0.01  95.66  92.44      1    0.006     0    0.000    0.006
          151.1   0.00  31.08  45.78   0.01  95.66  92.44      1    0.006     0    0.000    0.006
          152.0   0.00  31.08  46.96   0.01  95.66  92.44      1    0.006     0    0.000    0.006
          153.0   0.00  31.08  46.96   0.01  95.66  92.44      1    0.006     0    0.000    0.006
          154.1   0.00  31.08  48.16   0.01  95.66  92.44      1    0.006     0    0.000    0.006
          155.1   0.00  31.08  49.34   0.01  95.66  92.44      1    0.006     0    0.000    0.006
          156.1   0.00  31.08  49.34   0.01  95.66  92.44      1    0.006     0    0.000    0.006
          157.1   0.00  31.08  49.34   0.01  95.66  92.44      1    0.006     0    0.000    0.006
          158.1   0.00  31.08  49.34   0.01  95.66  92.44      1    0.006     0    0.000    0.006
          159.1   0.00  31.08  51.77   0.01  95.66  92.44      1    0.006     0    0.000    0.006
          160.1   0.00  31.08  51.77   0.01  95.66  92.44      1    0.006     0    0.000    0.006
          161.1   0.00  31.08  51.77   0.01  95.66  92.44      1    0.006     0    0.000    0.006
          162.1   0.00  31.08  51.77   0.01  95.66  92.44      1    0.006     0    0.000    0.006
          163.1   0.00  31.08  54.15   0.01  95.66  92.44      1    0.006     0    0.000    0.006
          164.1   0.00  31.08  54.15   0.01  95.66  92.44      1    0.006     0    0.000    0.006
          165.1   0.00  31.08  56.14   0.01  95.66  92.44      1    0.006     0    0.000    0.006
          166.1   0.00  31.08  56.54   0.01  95.66  92.44      1    0.006     0    0.000    0.006
          167.1   0.00  31.08  56.54   0.01  95.66  92.44      1    0.006     0    0.000    0.006
          168.1   0.00  31.08  56.54   0.01  95.66  92.44      1    0.006     0    0.000    0.006
          169.1   0.00  31.08  58.12   0.01  95.66  92.44      1    0.006     0    0.000    0.006
          170.1   0.00  31.08  58.52   0.01  95.66  92.44      1    0.006     0    0.000    0.006
          171.1   0.00  31.08  58.52   0.01  95.66  92.44      1    0.006     0    0.000    0.006
          172.2   0.00  31.08  60.50   0.01  95.66  92.44      1    0.006     0    0.000    0.006
          173.2   0.00  31.08  60.50   0.01  95.66  92.44      1    0.006     0    0.000    0.006
          174.1   0.00  31.08  60.50   0.01  95.66  92.44      1    0.006     0    0.000    0.006
          175.1   0.00  31.08  62.48   0.01  95.66  92.44      1    0.006     0    0.000    0.006
          176.1   0.00  31.08  62.88   0.01  95.66  92.44      1    0.006     0    0.000    0.006
          177.1   0.00  31.08  63.28   0.01  95.66  92.44      1    0.006     0    0.000    0.006
          178.1   0.00  31.08  64.86   0.01  95.66  92.44      1    0.006     0    0.000    0.006
          179.1   0.00  31.08  65.66   0.01  95.66  92.44      1    0.006     0    0.000    0.006
          180.1   0.00  31.08  65.66   0.01  95.66  92.44      1    0.006     0    0.000    0.006
          181.2   0.00  31.08  66.66   0.01  95.66  92.44      1    0.006     0    0.000    0.006
          182.2   0.00  31.08  67.85   0.01  95.66  92.44      1    0.006     0    0.000    0.006
          183.2   0.00  31.08  68.25   0.01  95.66  92.44      1    0.006     0    0.000    0.006
          184.2   0.00  31.08  68.25   0.01  95.66  92.44      1    0.006     0    0.000    0.006
          185.2   0.00  31.08  69.05   0.01  95.66  92.44      1    0.006     0    0.000    0.006
          186.2   0.00  31.08  70.23   0.01  95.66  92.44      1    0.006     0    0.000    0.006
          187.2   0.00  31.08  70.23   0.01  95.66  92.44      1    0.006     0    0.000    0.006
          188.2   0.00  31.08  70.63   0.01  95.66  92.44      1    0.006     0    0.000    0.006
          189.2   0.00  31.08  71.81   0.01  95.66  92.44      1    0.006     0    0.000    0.006
          190.2   0.00  31.08  72.21   0.01  95.66  92.44      1    0.006     0    0.000    0.006
          191.2   0.00  31.08  72.21   0.01  95.66  92.44      1    0.006     0    0.000    0.006
          192.2   0.00  31.08  73.01   0.01  95.66  92.44      1    0.006     0    0.000    0.006
          193.2   0.00  31.08  74.19   0.01  95.66  92.44      1    0.006     0    0.000    0.006
          194.2   0.00  31.08  74.59   0.01  95.66  92.44      1    0.006     0    0.000    0.006
          195.2   0.00  31.08  75.39   0.01  95.66  92.44      1    0.006     0    0.000    0.006
          196.2   0.00  31.08  75.39   0.01  95.66  92.44      1    0.006     0    0.000    0.006
          197.2   0.00  31.08  76.97   0.01  95.66  92.44      1    0.006     0    0.000    0.006
          198.2   0.00  31.08  77.37   0.01  95.66  92.44      1    0.006     0    0.000    0.006
          199.2   0.00  31.08  78.56   0.01  95.66  92.44      1    0.006     0    0.000    0.006
          200.2   0.00  31.08  78.56   0.01  95.66  92.44      1    0.006     0    0.000    0.006
          201.2   0.00  31.08  79.36   0.01  95.66  92.44      1    0.006     0    0.000    0.006
          202.2   0.00  31.08  79.36   0.01  95.66  92.44      1    0.006     0    0.000    0.006
          203.2   0.00  31.08  80.54   0.01  95.66  92.44      1    0.006     0    0.000    0.006
          204.2   0.00  31.08  80.54   0.01  95.66  92.44      1    0.006     0    0.000    0.006
          205.2   0.00  31.08  82.12   0.01  95.66  92.44      1    0.006     0    0.000    0.006
          206.2   0.00  31.08  82.12   0.01  95.66  92.44      1    0.006     0    0.000    0.006
          207.2   0.00  31.08  82.12   0.01  95.66  92.44      1    0.006     0    0.000    0.006
          208.2   0.00  31.08  83.30   0.01  95.66  92.44      1    0.006     0    0.000    0.006
          209.2   0.00  31.08  83.30   0.01  95.66  92.44      1    0.006     0    0.000    0.006
          210.2   0.00  31.08  85.33   0.01  95.66  92.44      1    0.006     0    0.000    0.006
          211.2   0.00  31.08  86.13   0.01  95.66  92.44      1    0.006     0    0.000    0.006
          212.2   0.00  31.08  86.13   0.01  95.66  92.44      1    0.006     0    0.000    0.006
          213.2   0.00  31.08  87.31   0.01  95.66  92.44      1    0.006     0    0.000    0.006
          214.2   0.00  31.08  87.31   0.01  95.66  92.44      1    0.006     0    0.000    0.006
          215.2   0.00  31.08  87.31   0.01  95.66  92.44      1    0.006     0    0.000    0.006
          216.3   0.00  31.08  88.49   0.01  95.66  92.44      1    0.006     0    0.000    0.006
          217.3   0.00  31.08  89.29   0.01  95.66  92.44      1    0.006     0    0.000    0.006
          218.3   0.00  31.08  89.29   0.01  95.66  92.44      1    0.006     0    0.000    0.006
          219.3   0.00  31.08  90.48   0.01  95.66  92.44      1    0.006     0    0.000    0.006
          220.3   0.00  31.08  90.48   0.01  95.66  92.44      1    0.006     0    0.000    0.006
          221.3   0.00  31.08  90.48   0.01  95.66  92.44      1    0.006     0    0.000    0.006
          222.3   0.00  31.08  91.68   0.01  95.66  92.44      1    0.006     0    0.000    0.006
          223.3   0.00  31.08  91.68   0.01  95.66  92.44      1    0.006     0    0.000    0.006
          224.3   0.00  31.08  91.68   0.01  95.66  92.44      1    0.006     0    0.000    0.006
          225.3   0.00  31.08  92.86   0.01  95.66  92.44      1    0.006     0    0.000    0.006
          226.3   0.00  31.08  92.86   0.01  95.66  92.44      1    0.006     0    0.000    0.006
          227.3   0.00  31.08  94.26   0.01  95.66  92.44      1    0.006     0    0.000    0.006
          228.3   0.00  31.08  96.64   0.01  95.66  92.44      1    0.006     0    0.000    0.006
          229.3   0.00  31.08  97.04   0.01  95.66  92.44      1    0.006     0    0.000    0.006
          230.3   0.00  31.08  97.04   0.01  95.66  92.44      1    0.006     0    0.000    0.006
          231.3   0.00  31.08  97.04   0.01  95.66  92.44      1    0.006     0    0.000    0.006
          232.3   0.00  31.08  99.02   0.01  95.66  92.44      1    0.006     0    0.000    0.006
          233.3   0.00  31.08  99.02   0.01  95.66  92.44      1    0.006     0    0.000    0.006
          234.4   0.00  31.08  99.42   0.01  95.66  92.44      1    0.006     0    0.000    0.006
          235.4   0.00  31.08 100.00   0.01  95.66  92.44      1    0.006     0    0.000    0.006
          236.3  31.90   0.00   2.84   0.01  96.39  92.47      2    0.011     0    0.000    0.011
          237.4  31.90   0.00   3.04   0.01  96.39  92.47      2    0.011     0    0.000    0.011
          238.4  31.90   0.00   4.02   0.01  96.39  92.47      2    0.011     0    0.000    0.011
          239.4  31.90   0.00   5.79   0.01  96.39  92.47      2    0.011     0    0.000    0.011
          240.3  31.90   0.00   5.79   0.01  96.39  92.47      2    0.011     0    0.000    0.011
          241.3  31.90   0.00   5.79   0.01  96.39  92.47      2    0.011     0    0.000    0.011
          242.3  31.90   0.00   5.79   0.01  96.39  92.47      2    0.011     0    0.000    0.011
          243.4  31.90   0.00   6.89   0.01  96.39  92.47      2    0.011     0    0.000    0.011
          244.4  31.90   0.00   7.89   0.01  96.39  92.47      2    0.011     0    0.000    0.011
          245.4  31.90   0.00   9.45   0.01  96.39  92.47      2    0.011     0    0.000    0.011
          246.4  31.90   0.00   9.45   0.01  96.39  92.47      2    0.011     0    0.000    0.011
          247.4  31.90   0.00   9.45   0.01  96.39  92.47      2    0.011     0    0.000    0.011
          248.4  31.90   0.00  10.11   0.01  96.39  92.47      2    0.011     0    0.000    0.011
          249.4  31.90   0.00  11.55   0.01  96.39  92.47      2    0.011     0    0.000    0.011
          250.4  31.90   0.00  11.55   0.01  96.39  92.47      2    0.011     0    0.000    0.011
          251.4  31.90   0.00  11.55   0.01  96.39  92.47      2    0.011     0    0.000    0.011
          252.4  31.90   0.00  12.65   0.01  96.39  92.47      2    0.011     0    0.000    0.011
          253.4  31.90   0.00  12.65   0.01  96.39  92.47      2    0.011     0    0.000    0.011
          254.4  31.90   0.00  12.98   0.01  96.39  92.47      2    0.011     0    0.000    0.011
          255.4  31.90   0.00  13.31   0.01  96.39  92.47      2    0.011     0    0.000    0.011
          256.4  31.90   0.00  14.41   0.01  96.39  92.47      2    0.011     0    0.000    0.011
          257.4  31.90   0.00  15.08   0.01  96.39  92.47      2    0.011     0    0.000    0.011
          258.4  31.90   0.00  16.18   0.01  96.39  92.47      2    0.011     0    0.000    0.011
          259.4  31.90   0.00  16.85   0.01  96.39  92.47      2    0.011     0    0.000    0.011
          260.4  31.90   0.00  16.85   0.01  96.39  92.47      2    0.011     0    0.000    0.011
          261.4  31.90   0.00  17.95   0.01  96.39  92.47      2    0.011     0    0.000    0.011
          262.4  31.90   0.00  18.28   0.01  96.39  92.47      2    0.011     0    0.000    0.011
          263.4  31.90   0.00  18.95   0.01  96.39  92.47      2    0.011     0    0.000    0.011
          264.4  31.90   0.00  20.05   0.01  96.39  92.47      2    0.011     0    0.000    0.011
          265.4  31.90   0.00  20.05   0.01  96.39  92.47      2    0.011     0    0.000    0.011
          266.4  31.90   0.00  20.05   0.01  96.39  92.47      2    0.011     0    0.000    0.011
          267.4  31.90   0.00  21.73   0.01  96.39  92.47      2    0.011     0    0.000    0.011
          268.4  31.90   0.00  23.17   0.01  96.39  92.47      2    0.011     0    0.000    0.011
          269.4  31.90   0.00  23.50   0.01  96.39  92.47      2    0.011     0    0.000    0.011
          270.4  31.90   0.00  24.60   0.01  96.39  92.47      2    0.011     0    0.000    0.011
          271.4  31.90   0.00  25.27   0.01  96.39  92.47      2    0.011     0    0.000    0.011
          272.4  31.90   0.00  25.27   0.01  96.39  92.47      2    0.011     0    0.000    0.011
          273.5  31.90   0.00  26.37   0.01  96.39  92.47      2    0.011     0    0.000    0.011
          274.5  31.90   0.00  26.70   0.01  96.39  92.47      2    0.011     0    0.000    0.011
          275.5  31.90   0.00  26.70   0.01  96.39  92.47      2    0.011     0    0.000    0.011
          276.5  31.90   0.00  26.70   0.01  96.39  92.47      2    0.011     0    0.000    0.011
          277.5  31.90   0.00  28.14   0.01  96.39  92.47      2    0.011     0    0.000    0.011
          278.5  31.90   0.00  28.14   0.01  96.39  92.47      2    0.011     0    0.000    0.011
          279.4  31.90   0.00  29.90   0.01  96.39  92.47      2    0.011     0    0.000    0.011
          280.4  31.90   0.00  29.90   0.01  96.39  92.47      2    0.011     0    0.000    0.011
          281.5  31.90   0.00  31.34   0.01  96.39  92.47      2    0.011     0    0.000    0.011
          282.5  31.90   0.00  31.34   0.01  96.39  92.47      2    0.011     0    0.000    0.011
          283.5  31.90   0.00  32.77   0.01  96.39  92.47      2    0.011     0    0.000    0.011
          284.5  31.90   0.00  33.44   0.01  96.39  92.47      2    0.011     0    0.000    0.011
          285.5  31.90   0.00  33.44   0.01  96.39  92.47      2    0.011     0    0.000    0.011
          286.5  31.90   0.00  34.54   0.01  96.39  92.47      2    0.011     0    0.000    0.011
          287.5  31.90   0.00  34.54   0.01  96.39  92.47      2    0.011     0    0.000    0.011
          288.5  31.90   0.00  34.54   0.01  96.39  92.47      2    0.011     0    0.000    0.011
          289.5  31.90   0.00  36.64   0.01  96.39  92.47      2    0.011     0    0.000    0.011
          290.5  31.90   0.00  36.64   0.01  96.39  92.47      2    0.011     0    0.000    0.011
          291.5  31.90   0.00  36.64   0.01  96.39  92.47      2    0.011     0    0.000    0.011
          292.5  31.90   0.00  37.64   0.01  96.39  92.47      2    0.011     0    0.000    0.011
          293.5  31.90   0.00  38.74   0.01  96.39  92.47      2    0.011     0    0.000    0.011
          294.5  31.90   0.00  39.74   0.01  96.39  92.47      2    0.011     0    0.000    0.011
          295.5  31.90   0.00  39.74   0.01  96.39  92.47      2    0.011     0    0.000    0.011
          296.5  31.90   0.00  39.74   0.01  96.39  92.47      2    0.011     0    0.000    0.011
          297.5  31.90   0.00  40.84   0.01  96.39  92.47      2    0.011     0    0.000    0.011
          298.5  31.90   0.00  41.51   0.01  96.39  92.47      2    0.011     0    0.000    0.011
          299.5  31.90   0.00  42.52   0.01  96.39  92.47      2    0.011     0    0.000    0.011
          300.5  31.90   0.00  43.96   0.01  96.39  92.47      2    0.011     0    0.000    0.011
          301.5  31.90   0.00  43.96   0.01  96.39  92.47      2    0.011     0    0.000    0.011
          302.6  31.90   0.00  43.96   0.01  96.39  92.47      2    0.011     0    0.000    0.011
          303.6  31.90   0.00  45.39   0.01  96.39  92.47      2    0.011     0    0.000    0.011
          304.6  31.90   0.00  46.06   0.01  96.39  92.47      2    0.011     0    0.000    0.011
          305.6  31.90   0.00  46.06   0.01  96.39  92.47      2    0.011     0    0.000    0.011
          306.6  31.90   0.00  47.61   0.01  96.39  92.47      2    0.011     0    0.000    0.011
          307.6  31.90   0.00  47.61   0.01  96.39  92.47      2    0.011     0    0.000    0.011
          308.5  31.90   0.00  48.28   0.01  96.39  92.47      2    0.011     0    0.000    0.011
          309.5  31.90   0.00  49.38   0.01  96.39  92.47      2    0.011     0    0.000    0.011
          310.5  31.90   0.00  49.71   0.01  96.39  92.47      2    0.011     0    0.000    0.011
          311.6  31.90   0.00  49.71   0.01  96.39  92.47      2    0.011     0    0.000    0.011
          312.6  31.90   0.00  49.71   0.01  96.39  92.47      2    0.011     0    0.000    0.011
          313.6  31.90   0.00  51.15   0.01  96.39  92.47      2    0.011     0    0.000    0.011
          314.6  31.90   0.00  51.15   0.01  96.39  92.47      2    0.011     0    0.000    0.011
          315.6  31.90   0.00  51.15   0.01  96.39  92.47      2    0.011     0    0.000    0.011
          316.6  31.90   0.00  52.25   0.01  96.39  92.47      2    0.011     0    0.000    0.011
          317.6  31.90   0.00  52.25   0.01  96.39  92.47      2    0.011     0    0.000    0.011
          318.6  31.90   0.00  52.58   0.01  96.39  92.47      2    0.011     0    0.000    0.011
          319.6  31.90   0.00  54.35   0.01  96.39  92.47      2    0.011     0    0.000    0.011
          320.6  31.90   0.00  54.35   0.01  96.39  92.47      2    0.011     0    0.000    0.011
          321.6  31.90   0.00  54.35   0.01  96.39  92.47      2    0.011     0    0.000    0.011
          322.6  31.90   0.00  55.45   0.01  96.39  92.47      2    0.011     0    0.000    0.011
          323.6  31.90   0.00  55.45   0.01  96.39  92.47      2    0.011     0    0.000    0.011
          324.6  31.90   0.00  57.55   0.01  96.39  92.47      2    0.011     0    0.000    0.011
          325.6  31.90   0.00  57.88   0.01  96.39  92.47      2    0.011     0    0.000    0.011
          326.6  31.90   0.00  57.88   0.01  96.39  92.47      2    0.011     0    0.000    0.011
          327.6  31.90   0.00  57.88   0.01  96.39  92.47      2    0.011     0    0.000    0.011
          328.6  31.90   0.00  58.98   0.01  96.39  92.47      2    0.011     0    0.000    0.011
          329.6  31.90   0.00  58.98   0.01  96.39  92.47      2    0.011     0    0.000    0.011
          330.6  31.90   0.00  59.98   0.01  96.39  92.47      2    0.011     0    0.000    0.011
          331.6  31.90   0.00  60.67   0.01  96.39  92.47      2    0.011     0    0.000    0.011
          332.6  31.90   0.00  61.77   0.01  96.39  92.47      2    0.011     0    0.000    0.011
          333.6  31.90   0.00  61.77   0.01  96.39  92.47      2    0.011     0    0.000    0.011
          334.6  31.90   0.00  61.77   0.01  96.39  92.47      2    0.011     0    0.000    0.011
          335.7  31.90   0.00  62.43   0.01  96.39  92.47      2    0.011     0    0.000    0.011
          336.7  31.90   0.00  63.87   0.01  96.39  92.47      2    0.011     0    0.000    0.011
          337.6  31.90   0.00  63.87   0.01  96.39  92.47      2    0.011     0    0.000    0.011
          338.6  31.90   0.00  63.87   0.01  96.39  92.47      2    0.011     0    0.000    0.011
          339.6  31.90   0.00  64.97   0.01  96.39  92.47      2    0.011     0    0.000    0.011
          340.6  31.90   0.00  65.64   0.01  96.39  92.47      2    0.011     0    0.000    0.011
          341.6  31.90   0.00  65.97   0.01  96.39  92.47      2    0.011     0    0.000    0.011
          342.6  31.90   0.00  67.07   0.01  96.39  92.47      2    0.011     0    0.000    0.011
          343.7  31.90   0.00  67.07   0.01  96.39  92.47      2    0.011     0    0.000    0.011
          344.7  31.90   0.00  67.07   0.01  96.39  92.47      2    0.011     0    0.000    0.011
          345.7  31.90   0.00  67.07   0.01  96.39  92.47      2    0.011     0    0.000    0.011
          346.7  31.90   0.00  67.40   0.01  96.39  92.47      2    0.011     0    0.000    0.011
          347.7  31.90   0.00  68.50   0.01  96.39  92.47      2    0.011     0    0.000    0.011
          348.7  31.90   0.00  68.50   0.01  96.39  92.47      2    0.011     0    0.000    0.011
          349.7  31.90   0.00  68.50   0.01  96.39  92.47      2    0.011     0    0.000    0.011
          350.7  31.90   0.00  70.60   0.01  96.39  92.47      2    0.011     0    0.000    0.011
          351.7  31.90   0.00  70.60   0.01  96.39  92.47      2    0.011     0    0.000    0.011
          352.7  31.90   0.00  70.60   0.01  96.39  92.47      2    0.011     0    0.000    0.011
          353.7  31.90   0.00  71.71   0.01  96.39  92.47      2    0.011     0    0.000    0.011
          354.7  31.90   0.00  71.71   0.01  96.39  92.47      2    0.011     0    0.000    0.011
          355.7  31.90   0.00  72.37   0.01  96.39  92.47      2    0.011     0    0.000    0.011
          356.7  31.90   0.00  73.81   0.01  96.39  92.47      2    0.011     0    0.000    0.011
          357.7  31.90   0.00  73.81   0.01  96.39  92.47      2    0.011     0    0.000    0.011
          358.7  31.90   0.00  75.24   0.01  96.39  92.47      2    0.011     0    0.000    0.011
          359.7  31.90   0.00  75.57   0.01  96.39  92.47      2    0.011     0    0.000    0.011
          360.7  31.90   0.00  76.24   0.01  96.39  92.47      2    0.011     0    0.000    0.011
          361.7  31.90   0.00  77.34   0.01  96.39  92.47      2    0.011     0    0.000    0.011
          362.7  31.90   0.00  78.00   0.01  96.39  92.47      2    0.011     0    0.000    0.011
          363.7  31.90   0.00  79.01   0.01  96.39  92.47      2    0.011     0    0.000    0.011
          364.7  31.90   0.00  80.11   0.01  96.39  92.47      2    0.011     0    0.000    0.011
          365.7  31.90   0.00  80.11   0.01  96.39  92.47      2    0.011     0    0.000    0.011
          366.7  31.90   0.00  80.78   0.01  96.39  92.47      2    0.011     0    0.000    0.011
          367.7  31.90   0.00  81.88   0.01  96.39  92.47      2    0.011     0    0.000    0.011
          368.7  31.90   0.00  82.21   0.01  96.39  92.47      2    0.011     0    0.000    0.011
          369.7  31.90   0.00  82.88   0.01  96.39  92.47      2    0.011     0    0.000    0.011
          370.7  31.90   0.00  83.98   0.01  96.39  92.47      2    0.011     0    0.000    0.011
          371.7  31.90   0.00  83.98   0.01  96.39  92.47      2    0.011     0    0.000    0.011
          372.7  31.90   0.00  83.98   0.01  96.39  92.47      2    0.011     0    0.000    0.011
          373.7  31.90   0.00  86.13   0.01  96.39  92.47      2    0.011     0    0.000    0.011
          374.8  31.90   0.00  86.13   0.01  96.39  92.47      2    0.011     0    0.000    0.011
          375.8  31.90   0.00  87.56   0.01  96.39  92.47      2    0.011     0    0.000    0.011
          376.8  31.90   0.00  87.56   0.01  96.39  92.47      2    0.011     0    0.000    0.011
          377.8  31.90   0.00  87.56   0.01  96.39  92.47      2    0.011     0    0.000    0.011
          378.7  31.90   0.00  87.56   0.01  96.39  92.47      2    0.011     0    0.000    0.011
          379.7  31.90   0.00  87.90   0.01  96.39  92.47      2    0.011     0    0.000    0.011
          380.7  31.90   0.00  87.90   0.01  96.39  92.47      2    0.011     0    0.000    0.011
          381.7  31.90   0.00  89.00   0.01  96.39  92.47      2    0.011     0    0.000    0.011
          382.7  31.90   0.00  89.33   0.01  96.39  92.47      2    0.011     0    0.000    0.011
          383.7  31.90   0.00  89.33   0.01  96.39  92.47      2    0.011     0    0.000    0.011
          384.8  31.90   0.00  89.33   0.01  96.39  92.47      2    0.011     0    0.000    0.011
          385.8  31.90   0.00  90.00   0.01  96.39  92.47      2    0.011     0    0.000    0.011
          386.8  31.90   0.00  91.45   0.01  96.39  92.47      2    0.011     0    0.000    0.011
          387.8  31.90   0.00  91.45   0.01  96.39  92.47      2    0.011     0    0.000    0.011
          388.8  31.90   0.00  92.88   0.01  96.39  92.47      2    0.011     0    0.000    0.011
          389.8  31.90   0.00  92.88   0.01  96.39  92.47      2    0.011     0    0.000    0.011
          390.8  31.90   0.00  92.88   0.01  96.39  92.47      2    0.011     0    0.000    0.011
          391.8  31.90   0.00  93.98   0.01  96.39  92.47      2    0.011     0    0.000    0.011
          392.8  31.90   0.00  93.98   0.01  96.39  92.47      2    0.011     0    0.000    0.011
          393.8  31.90   0.00  93.98   0.01  96.39  92.47      2    0.011     0    0.000    0.011
          394.8  31.90   0.00  96.42   0.01  96.39  92.47      2    0.011     0    0.000    0.011
          395.8  31.90   0.00  97.10   0.01  96.39  92.47      2    0.011     0    0.000    0.011
          396.8  31.90   0.00  98.20   0.01  96.39  92.47      2    0.011     0    0.000    0.011
          397.8  31.90   0.00  98.20   0.01  96.39  92.47      2    0.011     0    0.000    0.011
          398.8  31.90   0.00  98.20   0.01  96.39  92.47      2    0.011     0    0.000    0.011
          399.8  31.90   0.00 100.00   0.01  96.39  92.47      2    0.011     0    0.000    0.011
          400.8  31.90   0.00 100.00   0.01  96.39  92.47      2    0.011     0    0.000    0.011
          401.8   0.00  33.16   2.20   0.02  96.48  92.47      3    0.015     0    0.000    0.015
          402.8   0.00  33.16   2.20   0.02  96.48  92.47      3    0.015     0    0.000    0.015
          403.8   0.00  33.16   4.61   0.02  96.48  92.47      3    0.015     0    0.000    0.015
          404.8   0.00  33.16   4.61   0.02  96.48  92.47      3    0.015     0    0.000    0.015
          405.8   0.00  33.16   4.61   0.02  96.48  92.47      3    0.015     0    0.000    0.015
          406.8   0.00  33.16   4.61   0.02  96.48  92.47      3    0.015     0    0.000    0.015
          407.8   0.00  33.16   5.74   0.02  96.48  92.47      3    0.015     0    0.000    0.015
          408.8   0.00  33.16   6.31   0.02  96.48  92.47      3    0.015     0    0.000    0.015
          409.8   0.00  33.16   6.59   0.02  96.48  92.47      3    0.015     0    0.000    0.015
          410.8   0.00  33.16   8.01   0.02  96.48  92.47      3    0.015     0    0.000    0.015
          411.8   0.00  33.16   8.29   0.02  96.48  92.47      3    0.015     0    0.000    0.015
          412.9   0.00  33.16   9.42   0.02  96.48  92.47      3    0.015     0    0.000    0.015
          413.8   0.00  33.16   9.42   0.02  96.48  92.47      3    0.015     0    0.000    0.015
          414.9   0.00  33.16   9.99   0.02  96.48  92.47      3    0.015     0    0.000    0.015
          415.9   0.00  33.16  11.41   0.02  96.48  92.47      3    0.015     0    0.000    0.015
          416.9   0.00  33.16  11.41   0.02  96.48  92.47      3    0.015     0    0.000    0.015
          417.9   0.00  33.16  12.53   0.02  96.48  92.47      3    0.015     0    0.000    0.015
          418.9   0.00  33.16  12.53   0.02  96.48  92.47      3    0.015     0    0.000    0.015
          419.9   0.00  33.16  12.53   0.02  96.48  92.47      3    0.015     0    0.000    0.015
          420.7   0.00  33.16  13.11   0.02  96.48  92.47      3    0.015     0    0.000    0.015
          